<?xml version="1.0" encoding="ISO-8859-1" ?>
<link_info>
   <banner>TMS320C2000 Linker PC v22.6.0.LTS</banner>
   <copyright>Copyright (c) 1996-2018 Texas Instruments Incorporated</copyright>
   <link_time>0x66bbbfd4</link_time>
   <link_errors>0x0</link_errors>
   <output_file>led_ex1_blinky.out</output_file>
   <entry_point>
      <name>code_start</name>
      <address>0x80000</address>
   </entry_point>
   <input_file_list>
      <input_file id="fl-2">
         <path>.\</path>
         <kind>object</kind>
         <file>Internal_callback.obj</file>
         <name>Internal_callback.obj</name>
      </input_file>
      <input_file id="fl-3">
         <path>.\syscfg\</path>
         <kind>object</kind>
         <file>board.obj</file>
         <name>board.obj</name>
      </input_file>
      <input_file id="fl-4">
         <path>.\syscfg\</path>
         <kind>object</kind>
         <file>c2000ware_libraries.obj</file>
         <name>c2000ware_libraries.obj</name>
      </input_file>
      <input_file id="fl-5">
         <path>.\Hardware\</path>
         <kind>object</kind>
         <file>CAN_Transmit_Receive.obj</file>
         <name>CAN_Transmit_Receive.obj</name>
      </input_file>
      <input_file id="fl-6">
         <path>.\Hardware\</path>
         <kind>object</kind>
         <file>FLASH_EEPROM_RAM_Memory.obj</file>
         <name>FLASH_EEPROM_RAM_Memory.obj</name>
      </input_file>
      <input_file id="fl-7">
         <path>.\Hardware\</path>
         <kind>object</kind>
         <file>Save_Load_Struct.obj</file>
         <name>Save_Load_Struct.obj</name>
      </input_file>
      <input_file id="fl-8">
         <path>.\ISO_11783\ISO_11783-7_Application_Layer\</path>
         <kind>object</kind>
         <file>Auxiliary_Valve_Command.obj</file>
         <name>Auxiliary_Valve_Command.obj</name>
      </input_file>
      <input_file id="fl-9">
         <path>.\ISO_11783\ISO_11783-7_Application_Layer\</path>
         <kind>object</kind>
         <file>Auxiliary_Valve_Estimated_Flow.obj</file>
         <name>Auxiliary_Valve_Estimated_Flow.obj</name>
      </input_file>
      <input_file id="fl-a">
         <path>.\ISO_11783\ISO_11783-7_Application_Layer\</path>
         <kind>object</kind>
         <file>Auxiliary_Valve_Measured_Position.obj</file>
         <name>Auxiliary_Valve_Measured_Position.obj</name>
      </input_file>
      <input_file id="fl-b">
         <path>.\ISO_11783\ISO_11783-7_Application_Layer\</path>
         <kind>object</kind>
         <file>General_Purpose_Valve_Command.obj</file>
         <name>General_Purpose_Valve_Command.obj</name>
      </input_file>
      <input_file id="fl-c">
         <path>.\ISO_11783\ISO_11783-7_Application_Layer\</path>
         <kind>object</kind>
         <file>General_Purpose_Valve_Estimated_Flow.obj</file>
         <name>General_Purpose_Valve_Estimated_Flow.obj</name>
      </input_file>
      <input_file id="fl-d">
         <path>.\Open_SAE_J1939\</path>
         <kind>object</kind>
         <file>Closedown_ECU.obj</file>
         <name>Closedown_ECU.obj</name>
      </input_file>
      <input_file id="fl-e">
         <path>.\Open_SAE_J1939\</path>
         <kind>object</kind>
         <file>Listen_For_Messages.obj</file>
         <name>Listen_For_Messages.obj</name>
      </input_file>
      <input_file id="fl-f">
         <path>.\Open_SAE_J1939\</path>
         <kind>object</kind>
         <file>Startup_ECU.obj</file>
         <name>Startup_ECU.obj</name>
      </input_file>
      <input_file id="fl-10">
         <path>.\SAE_J1939\SAE_J1939-21_Transport_Layer\</path>
         <kind>object</kind>
         <file>Acknowledgement.obj</file>
         <name>Acknowledgement.obj</name>
      </input_file>
      <input_file id="fl-11">
         <path>.\SAE_J1939\SAE_J1939-21_Transport_Layer\</path>
         <kind>object</kind>
         <file>Request.obj</file>
         <name>Request.obj</name>
      </input_file>
      <input_file id="fl-12">
         <path>.\SAE_J1939\SAE_J1939-21_Transport_Layer\</path>
         <kind>object</kind>
         <file>Transport_Protocol_Connection_Management.obj</file>
         <name>Transport_Protocol_Connection_Management.obj</name>
      </input_file>
      <input_file id="fl-13">
         <path>.\SAE_J1939\SAE_J1939-21_Transport_Layer\</path>
         <kind>object</kind>
         <file>Transport_Protocol_Data_Transfer.obj</file>
         <name>Transport_Protocol_Data_Transfer.obj</name>
      </input_file>
      <input_file id="fl-14">
         <path>.\SAE_J1939\SAE_J1939-71_Application_Layer\</path>
         <kind>object</kind>
         <file>Request_Component_Identification.obj</file>
         <name>Request_Component_Identification.obj</name>
      </input_file>
      <input_file id="fl-15">
         <path>.\SAE_J1939\SAE_J1939-71_Application_Layer\</path>
         <kind>object</kind>
         <file>Request_ECU_Identification.obj</file>
         <name>Request_ECU_Identification.obj</name>
      </input_file>
      <input_file id="fl-16">
         <path>.\SAE_J1939\SAE_J1939-71_Application_Layer\</path>
         <kind>object</kind>
         <file>Request_Proprietary.obj</file>
         <name>Request_Proprietary.obj</name>
      </input_file>
      <input_file id="fl-17">
         <path>.\SAE_J1939\SAE_J1939-71_Application_Layer\</path>
         <kind>object</kind>
         <file>Request_Software_Identification.obj</file>
         <name>Request_Software_Identification.obj</name>
      </input_file>
      <input_file id="fl-18">
         <path>.\SAE_J1939\SAE_J1939-73_Diagnostics_Layer\</path>
         <kind>object</kind>
         <file>DM1.obj</file>
         <name>DM1.obj</name>
      </input_file>
      <input_file id="fl-19">
         <path>.\SAE_J1939\SAE_J1939-73_Diagnostics_Layer\</path>
         <kind>object</kind>
         <file>DM14.obj</file>
         <name>DM14.obj</name>
      </input_file>
      <input_file id="fl-1a">
         <path>.\SAE_J1939\SAE_J1939-73_Diagnostics_Layer\</path>
         <kind>object</kind>
         <file>DM15.obj</file>
         <name>DM15.obj</name>
      </input_file>
      <input_file id="fl-1b">
         <path>.\SAE_J1939\SAE_J1939-73_Diagnostics_Layer\</path>
         <kind>object</kind>
         <file>DM16.obj</file>
         <name>DM16.obj</name>
      </input_file>
      <input_file id="fl-1c">
         <path>.\SAE_J1939\SAE_J1939-73_Diagnostics_Layer\</path>
         <kind>object</kind>
         <file>DM2.obj</file>
         <name>DM2.obj</name>
      </input_file>
      <input_file id="fl-1d">
         <path>.\SAE_J1939\SAE_J1939-73_Diagnostics_Layer\</path>
         <kind>object</kind>
         <file>DM3.obj</file>
         <name>DM3.obj</name>
      </input_file>
      <input_file id="fl-1e">
         <path>.\SAE_J1939\SAE_J1939-81_Network_Management_Layer\</path>
         <kind>object</kind>
         <file>Address_Claimed.obj</file>
         <name>Address_Claimed.obj</name>
      </input_file>
      <input_file id="fl-1f">
         <path>.\SAE_J1939\SAE_J1939-81_Network_Management_Layer\</path>
         <kind>object</kind>
         <file>Address_Delete.obj</file>
         <name>Address_Delete.obj</name>
      </input_file>
      <input_file id="fl-20">
         <path>.\SAE_J1939\SAE_J1939-81_Network_Management_Layer\</path>
         <kind>object</kind>
         <file>Address_Not_Claimed.obj</file>
         <name>Address_Not_Claimed.obj</name>
      </input_file>
      <input_file id="fl-21">
         <path>.\SAE_J1939\SAE_J1939-81_Network_Management_Layer\</path>
         <kind>object</kind>
         <file>Commanded_Address.obj</file>
         <name>Commanded_Address.obj</name>
      </input_file>
      <input_file id="fl-22">
         <path>.\device\</path>
         <kind>object</kind>
         <file>device.obj</file>
         <name>device.obj</name>
      </input_file>
      <input_file id="fl-23">
         <path>.\device\</path>
         <kind>object</kind>
         <file>f2838x_codestartbranch.obj</file>
         <name>f2838x_codestartbranch.obj</name>
      </input_file>
      <input_file id="fl-29">
         <kind>object</kind>
         <file>&lt;internal&gt;</file>
         <name>&lt;internal&gt;</name>
      </input_file>
      <input_file id="fl-2a">
         <path>C:\ti\c2000\C2000Ware_4_03_00_00\driverlib\f2838x\driverlib\ccs\Debug\</path>
         <kind>archive</kind>
         <file>driverlib.lib</file>
         <name>dcc.obj</name>
      </input_file>
      <input_file id="fl-2b">
         <path>C:\ti\c2000\C2000Ware_4_03_00_00\driverlib\f2838x\driverlib\ccs\Debug\</path>
         <kind>archive</kind>
         <file>driverlib.lib</file>
         <name>flash.obj</name>
      </input_file>
      <input_file id="fl-2c">
         <path>C:\ti\c2000\C2000Ware_4_03_00_00\driverlib\f2838x\driverlib\ccs\Debug\</path>
         <kind>archive</kind>
         <file>driverlib.lib</file>
         <name>ipc.obj</name>
      </input_file>
      <input_file id="fl-2d">
         <path>C:\ti\c2000\C2000Ware_4_03_00_00\driverlib\f2838x\driverlib\ccs\Debug\</path>
         <kind>archive</kind>
         <file>driverlib.lib</file>
         <name>sysctl.obj</name>
      </input_file>
      <input_file id="fl-2e">
         <path>C:\ti\c2000\C2000Ware_4_03_00_00\driverlib\f2838x\driverlib\ccs\Debug\</path>
         <kind>archive</kind>
         <file>driverlib.lib</file>
         <name>interrupt.obj</name>
      </input_file>
      <input_file id="fl-3a">
         <path>C:\ti\ccs1220\ccs\tools\compiler\ti-cgt-c2000_22.6.0.LTS\lib\</path>
         <kind>archive</kind>
         <file>rts2800_fpu64_eabi.lib</file>
         <name>s_sin.c.obj</name>
      </input_file>
      <input_file id="fl-3b">
         <path>C:\ti\ccs1220\ccs\tools\compiler\ti-cgt-c2000_22.6.0.LTS\lib\</path>
         <kind>archive</kind>
         <file>rts2800_fpu64_eabi.lib</file>
         <name>printf.c.obj</name>
      </input_file>
      <input_file id="fl-3c">
         <path>C:\ti\ccs1220\ccs\tools\compiler\ti-cgt-c2000_22.6.0.LTS\lib\</path>
         <kind>archive</kind>
         <file>rts2800_fpu64_eabi.lib</file>
         <name>_printfi.c.obj</name>
      </input_file>
      <input_file id="fl-3d">
         <path>C:\ti\ccs1220\ccs\tools\compiler\ti-cgt-c2000_22.6.0.LTS\lib\</path>
         <kind>archive</kind>
         <file>rts2800_fpu64_eabi.lib</file>
         <name>fclose.c.obj</name>
      </input_file>
      <input_file id="fl-3e">
         <path>C:\ti\ccs1220\ccs\tools\compiler\ti-cgt-c2000_22.6.0.LTS\lib\</path>
         <kind>archive</kind>
         <file>rts2800_fpu64_eabi.lib</file>
         <name>fflush.c.obj</name>
      </input_file>
      <input_file id="fl-3f">
         <path>C:\ti\ccs1220\ccs\tools\compiler\ti-cgt-c2000_22.6.0.LTS\lib\</path>
         <kind>archive</kind>
         <file>rts2800_fpu64_eabi.lib</file>
         <name>fopen.c.obj</name>
      </input_file>
      <input_file id="fl-40">
         <path>C:\ti\ccs1220\ccs\tools\compiler\ti-cgt-c2000_22.6.0.LTS\lib\</path>
         <kind>archive</kind>
         <file>rts2800_fpu64_eabi.lib</file>
         <name>fputc.c.obj</name>
      </input_file>
      <input_file id="fl-41">
         <path>C:\ti\ccs1220\ccs\tools\compiler\ti-cgt-c2000_22.6.0.LTS\lib\</path>
         <kind>archive</kind>
         <file>rts2800_fpu64_eabi.lib</file>
         <name>fputs.c.obj</name>
      </input_file>
      <input_file id="fl-42">
         <path>C:\ti\ccs1220\ccs\tools\compiler\ti-cgt-c2000_22.6.0.LTS\lib\</path>
         <kind>archive</kind>
         <file>rts2800_fpu64_eabi.lib</file>
         <name>fread.c.obj</name>
      </input_file>
      <input_file id="fl-43">
         <path>C:\ti\ccs1220\ccs\tools\compiler\ti-cgt-c2000_22.6.0.LTS\lib\</path>
         <kind>archive</kind>
         <file>rts2800_fpu64_eabi.lib</file>
         <name>fwrite.c.obj</name>
      </input_file>
      <input_file id="fl-44">
         <path>C:\ti\ccs1220\ccs\tools\compiler\ti-cgt-c2000_22.6.0.LTS\lib\</path>
         <kind>archive</kind>
         <file>rts2800_fpu64_eabi.lib</file>
         <name>_bufread.c.obj</name>
      </input_file>
      <input_file id="fl-45">
         <path>C:\ti\ccs1220\ccs\tools\compiler\ti-cgt-c2000_22.6.0.LTS\lib\</path>
         <kind>archive</kind>
         <file>rts2800_fpu64_eabi.lib</file>
         <name>_io_perm.c.obj</name>
      </input_file>
      <input_file id="fl-46">
         <path>C:\ti\ccs1220\ccs\tools\compiler\ti-cgt-c2000_22.6.0.LTS\lib\</path>
         <kind>archive</kind>
         <file>rts2800_fpu64_eabi.lib</file>
         <name>setvbuf.c.obj</name>
      </input_file>
      <input_file id="fl-47">
         <path>C:\ti\ccs1220\ccs\tools\compiler\ti-cgt-c2000_22.6.0.LTS\lib\</path>
         <kind>archive</kind>
         <file>rts2800_fpu64_eabi.lib</file>
         <name>boot28.asm.obj</name>
      </input_file>
      <input_file id="fl-48">
         <path>C:\ti\ccs1220\ccs\tools\compiler\ti-cgt-c2000_22.6.0.LTS\lib\</path>
         <kind>archive</kind>
         <file>rts2800_fpu64_eabi.lib</file>
         <name>fs_div28.asm.obj</name>
      </input_file>
      <input_file id="fl-49">
         <path>C:\ti\ccs1220\ccs\tools\compiler\ti-cgt-c2000_22.6.0.LTS\lib\</path>
         <kind>archive</kind>
         <file>rts2800_fpu64_eabi.lib</file>
         <name>ll_aox28.asm.obj</name>
      </input_file>
      <input_file id="fl-4a">
         <path>C:\ti\ccs1220\ccs\tools\compiler\ti-cgt-c2000_22.6.0.LTS\lib\</path>
         <kind>archive</kind>
         <file>rts2800_fpu64_eabi.lib</file>
         <name>ll_cmp28.asm.obj</name>
      </input_file>
      <input_file id="fl-4b">
         <path>C:\ti\ccs1220\ccs\tools\compiler\ti-cgt-c2000_22.6.0.LTS\lib\</path>
         <kind>archive</kind>
         <file>rts2800_fpu64_eabi.lib</file>
         <name>ll_div28.asm.obj</name>
      </input_file>
      <input_file id="fl-4c">
         <path>C:\ti\ccs1220\ccs\tools\compiler\ti-cgt-c2000_22.6.0.LTS\lib\</path>
         <kind>archive</kind>
         <file>rts2800_fpu64_eabi.lib</file>
         <name>memcpy.c.obj</name>
      </input_file>
      <input_file id="fl-4d">
         <path>C:\ti\ccs1220\ccs\tools\compiler\ti-cgt-c2000_22.6.0.LTS\lib\</path>
         <kind>archive</kind>
         <file>rts2800_fpu64_eabi.lib</file>
         <name>pre_init.c.obj</name>
      </input_file>
      <input_file id="fl-4e">
         <path>C:\ti\ccs1220\ccs\tools\compiler\ti-cgt-c2000_22.6.0.LTS\lib\</path>
         <kind>archive</kind>
         <file>rts2800_fpu64_eabi.lib</file>
         <name>autoinit.c.obj</name>
      </input_file>
      <input_file id="fl-4f">
         <path>C:\ti\ccs1220\ccs\tools\compiler\ti-cgt-c2000_22.6.0.LTS\lib\</path>
         <kind>archive</kind>
         <file>rts2800_fpu64_eabi.lib</file>
         <name>copy_zero_init.c.obj</name>
      </input_file>
      <input_file id="fl-50">
         <path>C:\ti\ccs1220\ccs\tools\compiler\ti-cgt-c2000_22.6.0.LTS\lib\</path>
         <kind>archive</kind>
         <file>rts2800_fpu64_eabi.lib</file>
         <name>copy_decompress_none.c.obj</name>
      </input_file>
      <input_file id="fl-51">
         <path>C:\ti\ccs1220\ccs\tools\compiler\ti-cgt-c2000_22.6.0.LTS\lib\</path>
         <kind>archive</kind>
         <file>rts2800_fpu64_eabi.lib</file>
         <name>copy_decompress_lzss.c.obj</name>
      </input_file>
      <input_file id="fl-52">
         <path>C:\ti\ccs1220\ccs\tools\compiler\ti-cgt-c2000_22.6.0.LTS\lib\</path>
         <kind>archive</kind>
         <file>rts2800_fpu64_eabi.lib</file>
         <name>e_rem_pio2.c.obj</name>
      </input_file>
      <input_file id="fl-53">
         <path>C:\ti\ccs1220\ccs\tools\compiler\ti-cgt-c2000_22.6.0.LTS\lib\</path>
         <kind>archive</kind>
         <file>rts2800_fpu64_eabi.lib</file>
         <name>k_rem_pio2.c.obj</name>
      </input_file>
      <input_file id="fl-54">
         <path>C:\ti\ccs1220\ccs\tools\compiler\ti-cgt-c2000_22.6.0.LTS\lib\</path>
         <kind>archive</kind>
         <file>rts2800_fpu64_eabi.lib</file>
         <name>exit.c.obj</name>
      </input_file>
      <input_file id="fl-55">
         <path>C:\ti\ccs1220\ccs\tools\compiler\ti-cgt-c2000_22.6.0.LTS\lib\</path>
         <kind>archive</kind>
         <file>rts2800_fpu64_eabi.lib</file>
         <name>_lock.c.obj</name>
      </input_file>
      <input_file id="fl-56">
         <path>C:\ti\ccs1220\ccs\tools\compiler\ti-cgt-c2000_22.6.0.LTS\lib\</path>
         <kind>archive</kind>
         <file>rts2800_fpu64_eabi.lib</file>
         <name>_ltoa.c.obj</name>
      </input_file>
      <input_file id="fl-57">
         <path>C:\ti\ccs1220\ccs\tools\compiler\ti-cgt-c2000_22.6.0.LTS\lib\</path>
         <kind>archive</kind>
         <file>rts2800_fpu64_eabi.lib</file>
         <name>args_main.c.obj</name>
      </input_file>
      <input_file id="fl-58">
         <path>C:\ti\ccs1220\ccs\tools\compiler\ti-cgt-c2000_22.6.0.LTS\lib\</path>
         <kind>archive</kind>
         <file>rts2800_fpu64_eabi.lib</file>
         <name>atoi.c.obj</name>
      </input_file>
      <input_file id="fl-59">
         <path>C:\ti\ccs1220\ccs\tools\compiler\ti-cgt-c2000_22.6.0.LTS\lib\</path>
         <kind>archive</kind>
         <file>rts2800_fpu64_eabi.lib</file>
         <name>ctype.c.obj</name>
      </input_file>
      <input_file id="fl-5a">
         <path>C:\ti\ccs1220\ccs\tools\compiler\ti-cgt-c2000_22.6.0.LTS\lib\</path>
         <kind>archive</kind>
         <file>rts2800_fpu64_eabi.lib</file>
         <name>defs.c.obj</name>
      </input_file>
      <input_file id="fl-5b">
         <path>C:\ti\ccs1220\ccs\tools\compiler\ti-cgt-c2000_22.6.0.LTS\lib\</path>
         <kind>archive</kind>
         <file>rts2800_fpu64_eabi.lib</file>
         <name>memccpy.c.obj</name>
      </input_file>
      <input_file id="fl-5c">
         <path>C:\ti\ccs1220\ccs\tools\compiler\ti-cgt-c2000_22.6.0.LTS\lib\</path>
         <kind>archive</kind>
         <file>rts2800_fpu64_eabi.lib</file>
         <name>memchr.c.obj</name>
      </input_file>
      <input_file id="fl-5d">
         <path>C:\ti\ccs1220\ccs\tools\compiler\ti-cgt-c2000_22.6.0.LTS\lib\</path>
         <kind>archive</kind>
         <file>rts2800_fpu64_eabi.lib</file>
         <name>memory.c.obj</name>
      </input_file>
      <input_file id="fl-5e">
         <path>C:\ti\ccs1220\ccs\tools\compiler\ti-cgt-c2000_22.6.0.LTS\lib\</path>
         <kind>archive</kind>
         <file>rts2800_fpu64_eabi.lib</file>
         <name>memset.c.obj</name>
      </input_file>
      <input_file id="fl-5f">
         <path>C:\ti\ccs1220\ccs\tools\compiler\ti-cgt-c2000_22.6.0.LTS\lib\</path>
         <kind>archive</kind>
         <file>rts2800_fpu64_eabi.lib</file>
         <name>strchr.c.obj</name>
      </input_file>
      <input_file id="fl-60">
         <path>C:\ti\ccs1220\ccs\tools\compiler\ti-cgt-c2000_22.6.0.LTS\lib\</path>
         <kind>archive</kind>
         <file>rts2800_fpu64_eabi.lib</file>
         <name>strcpy.c.obj</name>
      </input_file>
      <input_file id="fl-61">
         <path>C:\ti\ccs1220\ccs\tools\compiler\ti-cgt-c2000_22.6.0.LTS\lib\</path>
         <kind>archive</kind>
         <file>rts2800_fpu64_eabi.lib</file>
         <name>strlen.c.obj</name>
      </input_file>
      <input_file id="fl-62">
         <path>C:\ti\ccs1220\ccs\tools\compiler\ti-cgt-c2000_22.6.0.LTS\lib\</path>
         <kind>archive</kind>
         <file>rts2800_fpu64_eabi.lib</file>
         <name>errno.c.obj</name>
      </input_file>
      <input_file id="fl-63">
         <path>C:\ti\ccs1220\ccs\tools\compiler\ti-cgt-c2000_22.6.0.LTS\lib\</path>
         <kind>archive</kind>
         <file>rts2800_fpu64_eabi.lib</file>
         <name>write.c.obj</name>
      </input_file>
      <input_file id="fl-64">
         <path>C:\ti\ccs1220\ccs\tools\compiler\ti-cgt-c2000_22.6.0.LTS\lib\</path>
         <kind>archive</kind>
         <file>rts2800_fpu64_eabi.lib</file>
         <name>host_device.c.obj</name>
      </input_file>
      <input_file id="fl-65">
         <path>C:\ti\ccs1220\ccs\tools\compiler\ti-cgt-c2000_22.6.0.LTS\lib\</path>
         <kind>archive</kind>
         <file>rts2800_fpu64_eabi.lib</file>
         <name>remove.c.obj</name>
      </input_file>
      <input_file id="fl-66">
         <path>C:\ti\ccs1220\ccs\tools\compiler\ti-cgt-c2000_22.6.0.LTS\lib\</path>
         <kind>archive</kind>
         <file>rts2800_fpu64_eabi.lib</file>
         <name>read.c.obj</name>
      </input_file>
      <input_file id="fl-67">
         <path>C:\ti\ccs1220\ccs\tools\compiler\ti-cgt-c2000_22.6.0.LTS\lib\</path>
         <kind>archive</kind>
         <file>rts2800_fpu64_eabi.lib</file>
         <name>open.c.obj</name>
      </input_file>
      <input_file id="fl-68">
         <path>C:\ti\ccs1220\ccs\tools\compiler\ti-cgt-c2000_22.6.0.LTS\lib\</path>
         <kind>archive</kind>
         <file>rts2800_fpu64_eabi.lib</file>
         <name>close.c.obj</name>
      </input_file>
      <input_file id="fl-69">
         <path>C:\ti\ccs1220\ccs\tools\compiler\ti-cgt-c2000_22.6.0.LTS\lib\</path>
         <kind>archive</kind>
         <file>rts2800_fpu64_eabi.lib</file>
         <name>k_cos.c.obj</name>
      </input_file>
      <input_file id="fl-6a">
         <path>C:\ti\ccs1220\ccs\tools\compiler\ti-cgt-c2000_22.6.0.LTS\lib\</path>
         <kind>archive</kind>
         <file>rts2800_fpu64_eabi.lib</file>
         <name>k_sin.c.obj</name>
      </input_file>
      <input_file id="fl-6b">
         <path>C:\ti\ccs1220\ccs\tools\compiler\ti-cgt-c2000_22.6.0.LTS\lib\</path>
         <kind>archive</kind>
         <file>rts2800_fpu64_eabi.lib</file>
         <name>s_floor.c.obj</name>
      </input_file>
      <input_file id="fl-6c">
         <path>C:\ti\ccs1220\ccs\tools\compiler\ti-cgt-c2000_22.6.0.LTS\lib\</path>
         <kind>archive</kind>
         <file>rts2800_fpu64_eabi.lib</file>
         <name>s_frexp.c.obj</name>
      </input_file>
      <input_file id="fl-6d">
         <path>C:\ti\ccs1220\ccs\tools\compiler\ti-cgt-c2000_22.6.0.LTS\lib\</path>
         <kind>archive</kind>
         <file>rts2800_fpu64_eabi.lib</file>
         <name>s_scalbn.c.obj</name>
      </input_file>
      <input_file id="fl-6e">
         <path>C:\ti\ccs1220\ccs\tools\compiler\ti-cgt-c2000_22.6.0.LTS\lib\</path>
         <kind>archive</kind>
         <file>rts2800_fpu64_eabi.lib</file>
         <name>s_copysign.c.obj</name>
      </input_file>
      <input_file id="fl-6f">
         <path>C:\ti\ccs1220\ccs\tools\compiler\ti-cgt-c2000_22.6.0.LTS\lib\</path>
         <kind>archive</kind>
         <file>rts2800_fpu64_eabi.lib</file>
         <name>wcslen.c.obj</name>
      </input_file>
      <input_file id="fl-70">
         <path>C:\ti\ccs1220\ccs\tools\compiler\ti-cgt-c2000_22.6.0.LTS\lib\</path>
         <kind>archive</kind>
         <file>rts2800_fpu64_eabi.lib</file>
         <name>fseek.c.obj</name>
      </input_file>
      <input_file id="fl-71">
         <path>C:\ti\ccs1220\ccs\tools\compiler\ti-cgt-c2000_22.6.0.LTS\lib\</path>
         <kind>archive</kind>
         <file>rts2800_fpu64_eabi.lib</file>
         <name>getdevice.c.obj</name>
      </input_file>
      <input_file id="fl-72">
         <path>C:\ti\ccs1220\ccs\tools\compiler\ti-cgt-c2000_22.6.0.LTS\lib\</path>
         <kind>archive</kind>
         <file>rts2800_fpu64_eabi.lib</file>
         <name>i_div28.asm.obj</name>
      </input_file>
      <input_file id="fl-73">
         <path>C:\ti\ccs1220\ccs\tools\compiler\ti-cgt-c2000_22.6.0.LTS\lib\</path>
         <kind>archive</kind>
         <file>rts2800_fpu64_eabi.lib</file>
         <name>l_div28.asm.obj</name>
      </input_file>
      <input_file id="fl-74">
         <path>C:\ti\ccs1220\ccs\tools\compiler\ti-cgt-c2000_22.6.0.LTS\lib\</path>
         <kind>archive</kind>
         <file>rts2800_fpu64_eabi.lib</file>
         <name>cpy_tbl.c.obj</name>
      </input_file>
      <input_file id="fl-75">
         <path>C:\ti\ccs1220\ccs\tools\compiler\ti-cgt-c2000_22.6.0.LTS\lib\</path>
         <kind>archive</kind>
         <file>rts2800_fpu64_eabi.lib</file>
         <name>startup.c.obj</name>
      </input_file>
      <input_file id="fl-76">
         <path>C:\ti\ccs1220\ccs\tools\compiler\ti-cgt-c2000_22.6.0.LTS\lib\</path>
         <kind>archive</kind>
         <file>rts2800_fpu64_eabi.lib</file>
         <name>strcmp.c.obj</name>
      </input_file>
      <input_file id="fl-77">
         <path>C:\ti\ccs1220\ccs\tools\compiler\ti-cgt-c2000_22.6.0.LTS\lib\</path>
         <kind>archive</kind>
         <file>rts2800_fpu64_eabi.lib</file>
         <name>strncpy.c.obj</name>
      </input_file>
      <input_file id="fl-78">
         <path>C:\ti\ccs1220\ccs\tools\compiler\ti-cgt-c2000_22.6.0.LTS\lib\</path>
         <kind>archive</kind>
         <file>rts2800_fpu64_eabi.lib</file>
         <name>unlink.c.obj</name>
      </input_file>
      <input_file id="fl-79">
         <path>C:\ti\ccs1220\ccs\tools\compiler\ti-cgt-c2000_22.6.0.LTS\lib\</path>
         <kind>archive</kind>
         <file>rts2800_fpu64_eabi.lib</file>
         <name>hostclose.c.obj</name>
      </input_file>
      <input_file id="fl-7a">
         <path>C:\ti\ccs1220\ccs\tools\compiler\ti-cgt-c2000_22.6.0.LTS\lib\</path>
         <kind>archive</kind>
         <file>rts2800_fpu64_eabi.lib</file>
         <name>hostlseek.c.obj</name>
      </input_file>
      <input_file id="fl-7b">
         <path>C:\ti\ccs1220\ccs\tools\compiler\ti-cgt-c2000_22.6.0.LTS\lib\</path>
         <kind>archive</kind>
         <file>rts2800_fpu64_eabi.lib</file>
         <name>hostopen.c.obj</name>
      </input_file>
      <input_file id="fl-7c">
         <path>C:\ti\ccs1220\ccs\tools\compiler\ti-cgt-c2000_22.6.0.LTS\lib\</path>
         <kind>archive</kind>
         <file>rts2800_fpu64_eabi.lib</file>
         <name>hostread.c.obj</name>
      </input_file>
      <input_file id="fl-7d">
         <path>C:\ti\ccs1220\ccs\tools\compiler\ti-cgt-c2000_22.6.0.LTS\lib\</path>
         <kind>archive</kind>
         <file>rts2800_fpu64_eabi.lib</file>
         <name>hostrename.c.obj</name>
      </input_file>
      <input_file id="fl-7e">
         <path>C:\ti\ccs1220\ccs\tools\compiler\ti-cgt-c2000_22.6.0.LTS\lib\</path>
         <kind>archive</kind>
         <file>rts2800_fpu64_eabi.lib</file>
         <name>hostunlink.c.obj</name>
      </input_file>
      <input_file id="fl-7f">
         <path>C:\ti\ccs1220\ccs\tools\compiler\ti-cgt-c2000_22.6.0.LTS\lib\</path>
         <kind>archive</kind>
         <file>rts2800_fpu64_eabi.lib</file>
         <name>hostwrite.c.obj</name>
      </input_file>
      <input_file id="fl-80">
         <path>C:\ti\ccs1220\ccs\tools\compiler\ti-cgt-c2000_22.6.0.LTS\lib\</path>
         <kind>archive</kind>
         <file>rts2800_fpu64_eabi.lib</file>
         <name>trgmsg.c.obj</name>
      </input_file>
      <input_file id="fl-81">
         <path>C:\ti\ccs1220\ccs\tools\compiler\ti-cgt-c2000_22.6.0.LTS\lib\</path>
         <kind>archive</kind>
         <file>rts2800_fpu64_eabi.lib</file>
         <name>lseek.c.obj</name>
      </input_file>
   </input_file_list>
   <object_component_list>
      <object_component id="oc-2a">
         <name>codestart</name>
         <load_address>0x80000</load_address>
         <run_address>0x80000</run_address>
         <size>0x2</size>
         <input_file_ref idref="fl-23"/>
      </object_component>
      <object_component id="oc-1ce">
         <name>.text:__TI_printfi</name>
         <load_address>0x82000</load_address>
         <run_address>0x82000</run_address>
         <size>0x614</size>
         <input_file_ref idref="fl-3c"/>
      </object_component>
      <object_component id="oc-240">
         <name>.text</name>
         <load_address>0x82614</load_address>
         <run_address>0x82614</run_address>
         <size>0x5dc</size>
         <input_file_ref idref="fl-3c"/>
      </object_component>
      <object_component id="oc-1dc">
         <name>.text</name>
         <load_address>0x82bf0</load_address>
         <run_address>0x82bf0</run_address>
         <size>0x45c</size>
         <input_file_ref idref="fl-53"/>
      </object_component>
      <object_component id="oc-178">
         <name>.text</name>
         <load_address>0x8304c</load_address>
         <run_address>0x8304c</run_address>
         <size>0x2c7</size>
         <input_file_ref idref="fl-52"/>
      </object_component>
      <object_component id="oc-275">
         <name>.text</name>
         <load_address>0x83313</load_address>
         <run_address>0x83313</run_address>
         <size>0x298</size>
         <input_file_ref idref="fl-5d"/>
      </object_component>
      <object_component id="oc-27b">
         <name>.text</name>
         <load_address>0x835ab</load_address>
         <run_address>0x835ab</run_address>
         <size>0x121</size>
         <input_file_ref idref="fl-3f"/>
      </object_component>
      <object_component id="oc-231">
         <name>.text</name>
         <load_address>0x836cc</load_address>
         <run_address>0x836cc</run_address>
         <size>0x107</size>
         <input_file_ref idref="fl-4b"/>
      </object_component>
      <object_component id="oc-259">
         <name>.text</name>
         <load_address>0x837d3</load_address>
         <run_address>0x837d3</run_address>
         <size>0xd9</size>
         <input_file_ref idref="fl-6b"/>
      </object_component>
      <object_component id="oc-167">
         <name>.text</name>
         <load_address>0x838ac</load_address>
         <run_address>0x838ac</run_address>
         <size>0xa8</size>
         <input_file_ref idref="fl-41"/>
      </object_component>
      <object_component id="oc-253">
         <name>.text</name>
         <load_address>0x83954</load_address>
         <run_address>0x83954</run_address>
         <size>0xa0</size>
         <input_file_ref idref="fl-6d"/>
      </object_component>
      <object_component id="oc-36d">
         <name>.text</name>
         <load_address>0x839f4</load_address>
         <run_address>0x839f4</run_address>
         <size>0x95</size>
         <input_file_ref idref="fl-80"/>
      </object_component>
      <object_component id="oc-17e">
         <name>.text</name>
         <load_address>0x83a89</load_address>
         <run_address>0x83a89</run_address>
         <size>0x8b</size>
         <input_file_ref idref="fl-6a"/>
      </object_component>
      <object_component id="oc-143">
         <name>.text:SAE_J1939_Send_Transport_Protocol_Data_Transfer</name>
         <load_address>0x83b14</load_address>
         <run_address>0x83b14</run_address>
         <size>0x83</size>
         <input_file_ref idref="fl-13"/>
      </object_component>
      <object_component id="oc-106">
         <name>.text:SAE_J1939_Send_Binary_Data_Transfer_DM16</name>
         <load_address>0x83b97</load_address>
         <run_address>0x83b97</run_address>
         <size>0x7f</size>
         <input_file_ref idref="fl-1b"/>
      </object_component>
      <object_component id="oc-1f8">
         <name>.text</name>
         <load_address>0x83c16</load_address>
         <run_address>0x83c16</run_address>
         <size>0x7c</size>
         <input_file_ref idref="fl-46"/>
      </object_component>
      <object_component id="oc-13d">
         <name>.text:SAE_J1939_Send_Transport_Protocol_Connection_Management</name>
         <load_address>0x83c92</load_address>
         <run_address>0x83c92</run_address>
         <size>0x7a</size>
         <input_file_ref idref="fl-12"/>
      </object_component>
      <object_component id="oc-184">
         <name>.text</name>
         <load_address>0x83d0c</load_address>
         <run_address>0x83d0c</run_address>
         <size>0x77</size>
         <input_file_ref idref="fl-69"/>
      </object_component>
      <object_component id="oc-1a2">
         <name>.text</name>
         <load_address>0x83d83</load_address>
         <run_address>0x83d83</run_address>
         <size>0x73</size>
         <input_file_ref idref="fl-3e"/>
      </object_component>
      <object_component id="oc-2e0">
         <name>.text</name>
         <load_address>0x83df6</load_address>
         <run_address>0x83df6</run_address>
         <size>0x71</size>
         <input_file_ref idref="fl-67"/>
      </object_component>
      <object_component id="oc-136">
         <name>.text</name>
         <load_address>0x83e67</load_address>
         <run_address>0x83e67</run_address>
         <size>0x6b</size>
         <input_file_ref idref="fl-3a"/>
      </object_component>
      <object_component id="oc-19c">
         <name>.text</name>
         <load_address>0x83ed2</load_address>
         <run_address>0x83ed2</run_address>
         <size>0x65</size>
         <input_file_ref idref="fl-45"/>
      </object_component>
      <object_component id="oc-c3">
         <name>.text:main</name>
         <load_address>0x83f37</load_address>
         <run_address>0x83f37</run_address>
         <size>0x63</size>
         <input_file_ref idref="fl-2"/>
      </object_component>
      <object_component id="oc-30a">
         <name>.text</name>
         <load_address>0x83f9a</load_address>
         <run_address>0x83f9a</run_address>
         <size>0x61</size>
         <input_file_ref idref="fl-7a"/>
      </object_component>
      <object_component id="oc-18e">
         <name>.text:CAN_Delay</name>
         <load_address>0x83ffb</load_address>
         <run_address>0x83ffb</run_address>
         <size>0x5</size>
         <input_file_ref idref="fl-5"/>
      </object_component>
      <object_component id="oc-2e6">
         <name>.text</name>
         <load_address>0x84000</load_address>
         <run_address>0x84000</run_address>
         <size>0x5d</size>
         <input_file_ref idref="fl-3d"/>
      </object_component>
      <object_component id="oc-2b3">
         <name>.text</name>
         <load_address>0x8405d</load_address>
         <run_address>0x8405d</run_address>
         <size>0x59</size>
         <input_file_ref idref="fl-6c"/>
      </object_component>
      <object_component id="oc-161">
         <name>.text</name>
         <load_address>0x840b6</load_address>
         <run_address>0x840b6</run_address>
         <size>0x53</size>
         <input_file_ref idref="fl-40"/>
      </object_component>
      <object_component id="oc-34e">
         <name>.text</name>
         <load_address>0x84109</load_address>
         <run_address>0x84109</run_address>
         <size>0x51</size>
         <input_file_ref idref="fl-71"/>
      </object_component>
      <object_component id="oc-316">
         <name>.text</name>
         <load_address>0x8415a</load_address>
         <run_address>0x8415a</run_address>
         <size>0x3e</size>
         <input_file_ref idref="fl-7d"/>
      </object_component>
      <object_component id="oc-1f2">
         <name>.text</name>
         <load_address>0x84198</load_address>
         <run_address>0x84198</run_address>
         <size>0x3d</size>
         <input_file_ref idref="fl-70"/>
      </object_component>
      <object_component id="oc-2f2">
         <name>.text</name>
         <load_address>0x841d5</load_address>
         <run_address>0x841d5</run_address>
         <size>0x3a</size>
         <input_file_ref idref="fl-7b"/>
      </object_component>
      <object_component id="oc-304">
         <name>.text</name>
         <load_address>0x8420f</load_address>
         <run_address>0x8420f</run_address>
         <size>0x39</size>
         <input_file_ref idref="fl-7f"/>
      </object_component>
      <object_component id="oc-2fe">
         <name>.text</name>
         <load_address>0x84248</load_address>
         <run_address>0x84248</run_address>
         <size>0x38</size>
         <input_file_ref idref="fl-7c"/>
      </object_component>
      <object_component id="oc-129">
         <name>.text</name>
         <load_address>0x84280</load_address>
         <run_address>0x84280</run_address>
         <size>0x34</size>
         <input_file_ref idref="fl-3b"/>
      </object_component>
      <object_component id="oc-356">
         <name>.text</name>
         <load_address>0x842b4</load_address>
         <run_address>0x842b4</run_address>
         <size>0x33</size>
         <input_file_ref idref="fl-68"/>
      </object_component>
      <object_component id="oc-226">
         <name>.text</name>
         <load_address>0x842e7</load_address>
         <run_address>0x842e7</run_address>
         <size>0x31</size>
         <input_file_ref idref="fl-58"/>
      </object_component>
      <object_component id="oc-ee">
         <name>.text:Callback_Function_Send</name>
         <load_address>0x84318</load_address>
         <run_address>0x84318</run_address>
         <size>0x30</size>
         <input_file_ref idref="fl-2"/>
      </object_component>
      <object_component id="oc-2ad">
         <name>.text</name>
         <load_address>0x84348</load_address>
         <run_address>0x84348</run_address>
         <size>0x30</size>
         <input_file_ref idref="fl-56"/>
      </object_component>
      <object_component id="oc-1d">
         <name>.text:decompress:lzss</name>
         <load_address>0x84378</load_address>
         <run_address>0x84378</run_address>
         <size>0x2e</size>
         <input_file_ref idref="fl-51"/>
      </object_component>
      <object_component id="oc-93">
         <name>.text:__TI_auto_init_nobinit_nopinit</name>
         <load_address>0x843a6</load_address>
         <run_address>0x843a6</run_address>
         <size>0x2b</size>
         <input_file_ref idref="fl-4e"/>
      </object_component>
      <object_component id="oc-333">
         <name>.text</name>
         <load_address>0x843d1</load_address>
         <run_address>0x843d1</run_address>
         <size>0x2a</size>
         <input_file_ref idref="fl-73"/>
      </object_component>
      <object_component id="oc-87">
         <name>.text</name>
         <load_address>0x843fb</load_address>
         <run_address>0x843fb</run_address>
         <size>0x29</size>
         <input_file_ref idref="fl-54"/>
      </object_component>
      <object_component id="oc-2f8">
         <name>.text</name>
         <load_address>0x84424</load_address>
         <run_address>0x84424</run_address>
         <size>0x29</size>
         <input_file_ref idref="fl-79"/>
      </object_component>
      <object_component id="oc-2c5">
         <name>.text</name>
         <load_address>0x8444d</load_address>
         <run_address>0x8444d</run_address>
         <size>0x28</size>
         <input_file_ref idref="fl-6e"/>
      </object_component>
      <object_component id="oc-310">
         <name>.text</name>
         <load_address>0x84475</load_address>
         <run_address>0x84475</run_address>
         <size>0x24</size>
         <input_file_ref idref="fl-7e"/>
      </object_component>
      <object_component id="oc-24b">
         <name>.text</name>
         <load_address>0x84499</load_address>
         <run_address>0x84499</run_address>
         <size>0x22</size>
         <input_file_ref idref="fl-72"/>
      </object_component>
      <object_component id="oc-f4">
         <name>.text:Callback_Function_Read</name>
         <load_address>0x844bb</load_address>
         <run_address>0x844bb</run_address>
         <size>0x1f</size>
         <input_file_ref idref="fl-2"/>
      </object_component>
      <object_component id="oc-22c">
         <name>.text</name>
         <load_address>0x844da</load_address>
         <run_address>0x844da</run_address>
         <size>0x1e</size>
         <input_file_ref idref="fl-4a"/>
      </object_component>
      <object_component id="oc-100">
         <name>.text:Generate_Sinusoidal_Signal</name>
         <load_address>0x844f8</load_address>
         <run_address>0x844f8</run_address>
         <size>0x1d</size>
         <input_file_ref idref="fl-2"/>
      </object_component>
      <object_component id="oc-3b">
         <name>.text</name>
         <load_address>0x84515</load_address>
         <run_address>0x84515</run_address>
         <size>0x1d</size>
         <input_file_ref idref="fl-4c"/>
      </object_component>
      <object_component id="oc-149">
         <name>.text:CAN_Send_Message</name>
         <load_address>0x84532</load_address>
         <run_address>0x84532</run_address>
         <size>0x1a</size>
         <input_file_ref idref="fl-5"/>
      </object_component>
      <object_component id="oc-69">
         <name>.text</name>
         <load_address>0x8454c</load_address>
         <run_address>0x8454c</run_address>
         <size>0x19</size>
         <input_file_ref idref="fl-47"/>
      </object_component>
      <object_component id="oc-35f">
         <name>.text</name>
         <load_address>0x84565</load_address>
         <run_address>0x84565</run_address>
         <size>0x19</size>
         <input_file_ref idref="fl-78"/>
      </object_component>
      <object_component id="oc-1a8">
         <name>.text</name>
         <load_address>0x8457e</load_address>
         <run_address>0x8457e</run_address>
         <size>0x19</size>
         <input_file_ref idref="fl-63"/>
      </object_component>
      <object_component id="oc-1d7">
         <name>.text</name>
         <load_address>0x84597</load_address>
         <run_address>0x84597</run_address>
         <size>0x18</size>
         <input_file_ref idref="fl-49"/>
      </object_component>
      <object_component id="oc-26d">
         <name>.text</name>
         <load_address>0x845af</load_address>
         <run_address>0x845af</run_address>
         <size>0x18</size>
         <input_file_ref idref="fl-81"/>
      </object_component>
      <object_component id="oc-397">
         <name>.text</name>
         <load_address>0x845c7</load_address>
         <run_address>0x845c7</run_address>
         <size>0x15</size>
         <input_file_ref idref="fl-77"/>
      </object_component>
      <object_component id="oc-21e">
         <name>.text</name>
         <load_address>0x845dc</load_address>
         <run_address>0x845dc</run_address>
         <size>0x10</size>
         <input_file_ref idref="fl-5b"/>
      </object_component>
      <object_component id="oc-43">
         <name>.text:decompress:ZI:__TI_zero_init_nomemset</name>
         <load_address>0x845ec</load_address>
         <run_address>0x845ec</run_address>
         <size>0xd</size>
         <input_file_ref idref="fl-4f"/>
      </object_component>
      <object_component id="oc-1b6">
         <name>.text</name>
         <load_address>0x845f9</load_address>
         <run_address>0x845f9</run_address>
         <size>0xd</size>
         <input_file_ref idref="fl-5c"/>
      </object_component>
      <object_component id="oc-81">
         <name>.text</name>
         <load_address>0x84606</load_address>
         <run_address>0x84606</run_address>
         <size>0xc</size>
         <input_file_ref idref="fl-57"/>
      </object_component>
      <object_component id="oc-2b9">
         <name>.text</name>
         <load_address>0x84612</load_address>
         <run_address>0x84612</run_address>
         <size>0xc</size>
         <input_file_ref idref="fl-5f"/>
      </object_component>
      <object_component id="oc-fa">
         <name>.text:CAN_Set_Callback_Functions</name>
         <load_address>0x8461e</load_address>
         <run_address>0x8461e</run_address>
         <size>0xb</size>
         <input_file_ref idref="fl-5"/>
      </object_component>
      <object_component id="oc-236">
         <name>.text</name>
         <load_address>0x84629</load_address>
         <run_address>0x84629</run_address>
         <size>0xb</size>
         <input_file_ref idref="fl-6f"/>
      </object_component>
      <object_component id="oc-391">
         <name>.text</name>
         <load_address>0x84634</load_address>
         <run_address>0x84634</run_address>
         <size>0xa</size>
         <input_file_ref idref="fl-76"/>
      </object_component>
      <object_component id="oc-113">
         <name>.text</name>
         <load_address>0x8463e</load_address>
         <run_address>0x8463e</run_address>
         <size>0x9</size>
         <input_file_ref idref="fl-55"/>
      </object_component>
      <object_component id="oc-23">
         <name>.text:decompress:none</name>
         <load_address>0x84647</load_address>
         <run_address>0x84647</run_address>
         <size>0x8</size>
         <input_file_ref idref="fl-50"/>
      </object_component>
      <object_component id="oc-4f">
         <name>.text</name>
         <load_address>0x8464f</load_address>
         <run_address>0x8464f</run_address>
         <size>0x8</size>
         <input_file_ref idref="fl-23"/>
      </object_component>
      <object_component id="oc-1b0">
         <name>.text</name>
         <load_address>0x84657</load_address>
         <run_address>0x84657</run_address>
         <size>0x8</size>
         <input_file_ref idref="fl-61"/>
      </object_component>
      <object_component id="oc-62">
         <name>.text</name>
         <load_address>0x8465f</load_address>
         <run_address>0x8465f</run_address>
         <size>0x7</size>
         <input_file_ref idref="fl-5e"/>
      </object_component>
      <object_component id="oc-218">
         <name>.text</name>
         <load_address>0x84666</load_address>
         <run_address>0x84666</run_address>
         <size>0x5</size>
         <input_file_ref idref="fl-60"/>
      </object_component>
      <object_component id="oc-7a">
         <name>.text</name>
         <load_address>0x8466b</load_address>
         <run_address>0x8466b</run_address>
         <size>0x2</size>
         <input_file_ref idref="fl-4d"/>
      </object_component>
      <object_component id="oc-d6">
         <name>.text</name>
         <load_address>0x8466d</load_address>
         <run_address>0x8466d</run_address>
         <size>0x1</size>
         <input_file_ref idref="fl-75"/>
      </object_component>
      <object_component id="oc-414">
         <name>.cinit..data.load</name>
         <load_address>0x88000</load_address>
         <run_address>0x88000</run_address>
         <size>0x31</size>
      </object_component>
      <object_component id="oc-411">
         <name>__TI_handler_table</name>
         <load_address>0x88032</load_address>
         <run_address>0x88032</run_address>
         <size>0x6</size>
      </object_component>
      <object_component id="oc-413">
         <name>.cinit..bss.load</name>
         <load_address>0x88038</load_address>
         <run_address>0x88038</run_address>
         <size>0x4</size>
      </object_component>
      <object_component id="oc-412">
         <name>__TI_cinit_table</name>
         <load_address>0x8803c</load_address>
         <run_address>0x8803c</run_address>
         <size>0x8</size>
      </object_component>
      <object_component id="oc-35">
         <name>.stack</name>
         <uninitialized>true</uninitialized>
         <run_address>0x400</run_address>
         <size>0x0</size>
         <input_file_ref idref="fl-47"/>
      </object_component>
      <object_component id="oc-415">
         <name>.stack</name>
         <uninitialized>true</uninitialized>
         <run_address>0x400</run_address>
         <size>0x0</size>
      </object_component>
      <object_component id="oc-35c">
         <name>.bss:__TI_tmpnams</name>
         <uninitialized>true</uninitialized>
         <run_address>0xab20</run_address>
         <size>0xa0</size>
         <input_file_ref idref="fl-5a"/>
      </object_component>
      <object_component id="oc-2d9">
         <name>.bss</name>
         <uninitialized>true</uninitialized>
         <run_address>0xabc8</run_address>
         <size>0x2</size>
         <input_file_ref idref="fl-5d"/>
      </object_component>
      <object_component id="oc-36a">
         <name>.bss:parmbuf</name>
         <uninitialized>true</uninitialized>
         <run_address>0xabc0</run_address>
         <size>0x8</size>
         <input_file_ref idref="fl-7b"/>
      </object_component>
      <object_component id="oc-3ad">
         <name>.bss:_CIOBUF_</name>
         <uninitialized>true</uninitialized>
         <run_address>0xaa00</run_address>
         <size>0x120</size>
         <input_file_ref idref="fl-80"/>
      </object_component>
      <object_component id="oc-131">
         <name>.data</name>
         <load_address>0xacb2</load_address>
         <run_address>0xacb2</run_address>
         <size>0x8</size>
         <input_file_ref idref="fl-5"/>
      </object_component>
      <object_component id="oc-2ec">
         <name>.data</name>
         <load_address>0xacc6</load_address>
         <run_address>0xacc6</run_address>
         <size>0x1</size>
         <input_file_ref idref="fl-3f"/>
      </object_component>
      <object_component id="oc-cb">
         <name>.data</name>
         <load_address>0xacba</load_address>
         <run_address>0xacba</run_address>
         <size>0x6</size>
         <input_file_ref idref="fl-54"/>
      </object_component>
      <object_component id="oc-ce">
         <name>.data:_lock</name>
         <load_address>0xacc0</load_address>
         <run_address>0xacc0</run_address>
         <size>0x2</size>
         <input_file_ref idref="fl-55"/>
      </object_component>
      <object_component id="oc-154">
         <name>.data:_unlock</name>
         <load_address>0xacc2</load_address>
         <run_address>0xacc2</run_address>
         <size>0x2</size>
         <input_file_ref idref="fl-55"/>
      </object_component>
      <object_component id="oc-200">
         <name>.data</name>
         <load_address>0xacc4</load_address>
         <run_address>0xacc4</run_address>
         <size>0x1</size>
         <input_file_ref idref="fl-5a"/>
      </object_component>
      <object_component id="oc-16d">
         <name>.data:_ftable</name>
         <load_address>0xabca</load_address>
         <run_address>0xabca</run_address>
         <size>0x78</size>
         <input_file_ref idref="fl-5a"/>
      </object_component>
      <object_component id="oc-2dc">
         <name>.data</name>
         <load_address>0xacc7</load_address>
         <run_address>0xacc7</run_address>
         <size>0x1</size>
         <input_file_ref idref="fl-5d"/>
      </object_component>
      <object_component id="oc-23c">
         <name>.data</name>
         <load_address>0xacc5</load_address>
         <run_address>0xacc5</run_address>
         <size>0x1</size>
         <input_file_ref idref="fl-62"/>
      </object_component>
      <object_component id="oc-205">
         <name>.data:_stream</name>
         <load_address>0xac8a</load_address>
         <run_address>0xac8a</run_address>
         <size>0x28</size>
         <input_file_ref idref="fl-64"/>
      </object_component>
      <object_component id="oc-28b">
         <name>.data:_device</name>
         <load_address>0xac42</load_address>
         <run_address>0xac42</run_address>
         <size>0x48</size>
         <input_file_ref idref="fl-64"/>
      </object_component>
      <object_component id="oc-34d">
         <name>.data</name>
         <load_address>0xacc8</load_address>
         <run_address>0xacc8</run_address>
         <size>0x1</size>
         <input_file_ref idref="fl-67"/>
      </object_component>
      <object_component id="oc-36">
         <name>.sysmem</name>
         <uninitialized>true</uninitialized>
         <run_address>0xa800</run_address>
         <size>0x4</size>
         <input_file_ref idref="fl-5d"/>
      </object_component>
      <object_component id="oc-416">
         <name>.sysmem</name>
         <uninitialized>true</uninitialized>
         <run_address>0xa800</run_address>
         <size>0x0</size>
      </object_component>
      <object_component id="oc-eb">
         <name>.const</name>
         <load_address>0x90000</load_address>
         <run_address>0x90000</run_address>
         <size>0x1608</size>
         <input_file_ref idref="fl-2"/>
      </object_component>
      <object_component id="oc-2a1">
         <name>.const:.string:_ctypes_</name>
         <load_address>0x91608</load_address>
         <run_address>0x91608</run_address>
         <size>0x101</size>
         <input_file_ref idref="fl-59"/>
      </object_component>
      <object_component id="oc-250">
         <name>.const:ipio2</name>
         <load_address>0x9170a</load_address>
         <run_address>0x9170a</run_address>
         <size>0x84</size>
         <input_file_ref idref="fl-53"/>
      </object_component>
      <object_component id="oc-128">
         <name>.const:.string</name>
         <load_address>0x9178e</load_address>
         <run_address>0x9178e</run_address>
         <size>0x69</size>
         <input_file_ref idref="fl-2"/>
      </object_component>
      <object_component id="oc-217">
         <name>.const:.string</name>
         <load_address>0x917f8</load_address>
         <run_address>0x917f8</run_address>
         <size>0x26</size>
         <input_file_ref idref="fl-3c"/>
      </object_component>
      <object_component id="oc-25f">
         <name>.const:PIo2</name>
         <load_address>0x9181e</load_address>
         <run_address>0x9181e</run_address>
         <size>0x20</size>
         <input_file_ref idref="fl-53"/>
      </object_component>
      <object_component id="oc-248">
         <name>.const:init_jk</name>
         <load_address>0x9183e</load_address>
         <run_address>0x9183e</run_address>
         <size>0x4</size>
         <input_file_ref idref="fl-53"/>
      </object_component>
      <object_component id="oc-1bc">
         <name>.const:.string</name>
         <load_address>0x91842</load_address>
         <run_address>0x91842</run_address>
         <size>0x2</size>
         <input_file_ref idref="fl-41"/>
      </object_component>
      <object_component id="oc-10d">
         <name>.debug_types</name>
         <load_address>0x0</load_address>
         <run_address>0x0</run_address>
         <size>0x2219</size>
         <input_file_ref idref="fl-2"/>
      </object_component>
      <object_component id="oc-135">
         <name>.debug_types</name>
         <load_address>0x0</load_address>
         <run_address>0x0</run_address>
         <size>0x0</size>
         <input_file_ref idref="fl-5"/>
      </object_component>
      <object_component id="oc-18d">
         <name>.debug_types</name>
         <load_address>0x0</load_address>
         <run_address>0x0</run_address>
         <size>0x0</size>
         <input_file_ref idref="fl-12"/>
      </object_component>
      <object_component id="oc-195">
         <name>.debug_types</name>
         <load_address>0x2219</load_address>
         <run_address>0x2219</run_address>
         <size>0x6a</size>
         <input_file_ref idref="fl-13"/>
      </object_component>
      <object_component id="oc-150">
         <name>.debug_types</name>
         <load_address>0x2283</load_address>
         <run_address>0x2283</run_address>
         <size>0x34</size>
         <input_file_ref idref="fl-1b"/>
      </object_component>
      <object_component id="oc-18b">
         <name>.debug_types</name>
         <load_address>0x22b7</load_address>
         <run_address>0x22b7</run_address>
         <size>0x127</size>
         <input_file_ref idref="fl-3a"/>
      </object_component>
      <object_component id="oc-172">
         <name>.debug_types</name>
         <load_address>0x23de</load_address>
         <run_address>0x23de</run_address>
         <size>0x3e9</size>
         <input_file_ref idref="fl-3b"/>
      </object_component>
      <object_component id="oc-225">
         <name>.debug_types</name>
         <load_address>0x27c7</load_address>
         <run_address>0x27c7</run_address>
         <size>0xa48</size>
         <input_file_ref idref="fl-3c"/>
      </object_component>
      <object_component id="oc-366">
         <name>.debug_types</name>
         <load_address>0x320f</load_address>
         <run_address>0x320f</run_address>
         <size>0x95</size>
         <input_file_ref idref="fl-3d"/>
      </object_component>
      <object_component id="oc-204">
         <name>.debug_types</name>
         <load_address>0x0</load_address>
         <run_address>0x0</run_address>
         <size>0x0</size>
         <input_file_ref idref="fl-3e"/>
      </object_component>
      <object_component id="oc-2ee">
         <name>.debug_types</name>
         <load_address>0x32a4</load_address>
         <run_address>0x32a4</run_address>
         <size>0x68</size>
         <input_file_ref idref="fl-3f"/>
      </object_component>
      <object_component id="oc-1af">
         <name>.debug_types</name>
         <load_address>0x0</load_address>
         <run_address>0x0</run_address>
         <size>0x0</size>
         <input_file_ref idref="fl-40"/>
      </object_component>
      <object_component id="oc-1be">
         <name>.debug_types</name>
         <load_address>0x0</load_address>
         <run_address>0x0</run_address>
         <size>0x0</size>
         <input_file_ref idref="fl-41"/>
      </object_component>
      <object_component id="oc-1ff">
         <name>.debug_types</name>
         <load_address>0x0</load_address>
         <run_address>0x0</run_address>
         <size>0x0</size>
         <input_file_ref idref="fl-45"/>
      </object_component>
      <object_component id="oc-282">
         <name>.debug_types</name>
         <load_address>0x0</load_address>
         <run_address>0x0</run_address>
         <size>0x0</size>
         <input_file_ref idref="fl-46"/>
      </object_component>
      <object_component id="oc-5c">
         <name>.debug_types</name>
         <load_address>0x330c</load_address>
         <run_address>0x330c</run_address>
         <size>0x2f</size>
         <input_file_ref idref="fl-4c"/>
      </object_component>
      <object_component id="oc-92">
         <name>.debug_types</name>
         <load_address>0x0</load_address>
         <run_address>0x0</run_address>
         <size>0x0</size>
         <input_file_ref idref="fl-4d"/>
      </object_component>
      <object_component id="oc-dd">
         <name>.debug_types</name>
         <load_address>0x333b</load_address>
         <run_address>0x333b</run_address>
         <size>0x4e5</size>
         <input_file_ref idref="fl-4e"/>
      </object_component>
      <object_component id="oc-61">
         <name>.debug_types</name>
         <load_address>0x3820</load_address>
         <run_address>0x3820</run_address>
         <size>0x169</size>
         <input_file_ref idref="fl-4f"/>
      </object_component>
      <object_component id="oc-42">
         <name>.debug_types</name>
         <load_address>0x0</load_address>
         <run_address>0x0</run_address>
         <size>0x0</size>
         <input_file_ref idref="fl-50"/>
      </object_component>
      <object_component id="oc-3a">
         <name>.debug_types</name>
         <load_address>0x3989</load_address>
         <run_address>0x3989</run_address>
         <size>0x191</size>
         <input_file_ref idref="fl-51"/>
      </object_component>
      <object_component id="oc-1e3">
         <name>.debug_types</name>
         <load_address>0x3b1a</load_address>
         <run_address>0x3b1a</run_address>
         <size>0xbe</size>
         <input_file_ref idref="fl-52"/>
      </object_component>
      <object_component id="oc-263">
         <name>.debug_types</name>
         <load_address>0x3bd8</load_address>
         <run_address>0x3bd8</run_address>
         <size>0x187</size>
         <input_file_ref idref="fl-53"/>
      </object_component>
      <object_component id="oc-d2">
         <name>.debug_types</name>
         <load_address>0x3d5f</load_address>
         <run_address>0x3d5f</run_address>
         <size>0x90</size>
         <input_file_ref idref="fl-54"/>
      </object_component>
      <object_component id="oc-11b">
         <name>.debug_types</name>
         <load_address>0x3def</load_address>
         <run_address>0x3def</run_address>
         <size>0x2f</size>
         <input_file_ref idref="fl-55"/>
      </object_component>
      <object_component id="oc-339">
         <name>.debug_types</name>
         <load_address>0x3e1e</load_address>
         <run_address>0x3e1e</run_address>
         <size>0x61</size>
         <input_file_ref idref="fl-56"/>
      </object_component>
      <object_component id="oc-ca">
         <name>.debug_types</name>
         <load_address>0x3e7f</load_address>
         <run_address>0x3e7f</run_address>
         <size>0xb6</size>
         <input_file_ref idref="fl-57"/>
      </object_component>
      <object_component id="oc-2a5">
         <name>.debug_types</name>
         <load_address>0x3f35</load_address>
         <run_address>0x3f35</run_address>
         <size>0x34</size>
         <input_file_ref idref="fl-58"/>
      </object_component>
      <object_component id="oc-329">
         <name>.debug_types</name>
         <load_address>0x0</load_address>
         <run_address>0x0</run_address>
         <size>0x0</size>
         <input_file_ref idref="fl-59"/>
      </object_component>
      <object_component id="oc-1c1">
         <name>.debug_types</name>
         <load_address>0x0</load_address>
         <run_address>0x0</run_address>
         <size>0x0</size>
         <input_file_ref idref="fl-5a"/>
      </object_component>
      <object_component id="oc-29d">
         <name>.debug_types</name>
         <load_address>0x0</load_address>
         <run_address>0x0</run_address>
         <size>0x0</size>
         <input_file_ref idref="fl-5b"/>
      </object_component>
      <object_component id="oc-210">
         <name>.debug_types</name>
         <load_address>0x0</load_address>
         <run_address>0x0</run_address>
         <size>0x0</size>
         <input_file_ref idref="fl-5c"/>
      </object_component>
      <object_component id="oc-57">
         <name>.debug_types</name>
         <load_address>0x3f69</load_address>
         <run_address>0x3f69</run_address>
         <size>0x23d</size>
         <input_file_ref idref="fl-5d"/>
      </object_component>
      <object_component id="oc-79">
         <name>.debug_types</name>
         <load_address>0x0</load_address>
         <run_address>0x0</run_address>
         <size>0x0</size>
         <input_file_ref idref="fl-5e"/>
      </object_component>
      <object_component id="oc-33d">
         <name>.debug_types</name>
         <load_address>0x0</load_address>
         <run_address>0x0</run_address>
         <size>0x0</size>
         <input_file_ref idref="fl-5f"/>
      </object_component>
      <object_component id="oc-29b">
         <name>.debug_types</name>
         <load_address>0x41a6</load_address>
         <run_address>0x41a6</run_address>
         <size>0x34</size>
         <input_file_ref idref="fl-60"/>
      </object_component>
      <object_component id="oc-20e">
         <name>.debug_types</name>
         <load_address>0x0</load_address>
         <run_address>0x0</run_address>
         <size>0x0</size>
         <input_file_ref idref="fl-61"/>
      </object_component>
      <object_component id="oc-2ac">
         <name>.debug_types</name>
         <load_address>0x0</load_address>
         <run_address>0x0</run_address>
         <size>0x0</size>
         <input_file_ref idref="fl-62"/>
      </object_component>
      <object_component id="oc-209">
         <name>.debug_types</name>
         <load_address>0x41da</load_address>
         <run_address>0x41da</run_address>
         <size>0x575</size>
         <input_file_ref idref="fl-63"/>
      </object_component>
      <object_component id="oc-290">
         <name>.debug_types</name>
         <load_address>0x474f</load_address>
         <run_address>0x474f</run_address>
         <size>0x32</size>
         <input_file_ref idref="fl-64"/>
      </object_component>
      <object_component id="oc-355">
         <name>.debug_types</name>
         <load_address>0x4781</load_address>
         <run_address>0x4781</run_address>
         <size>0x56</size>
         <input_file_ref idref="fl-67"/>
      </object_component>
      <object_component id="oc-3a3">
         <name>.debug_types</name>
         <load_address>0x0</load_address>
         <run_address>0x0</run_address>
         <size>0x0</size>
         <input_file_ref idref="fl-68"/>
      </object_component>
      <object_component id="oc-1e7">
         <name>.debug_types</name>
         <load_address>0x0</load_address>
         <run_address>0x0</run_address>
         <size>0x0</size>
         <input_file_ref idref="fl-69"/>
      </object_component>
      <object_component id="oc-1e5">
         <name>.debug_types</name>
         <load_address>0x0</load_address>
         <run_address>0x0</run_address>
         <size>0x0</size>
         <input_file_ref idref="fl-6a"/>
      </object_component>
      <object_component id="oc-2ce">
         <name>.debug_types</name>
         <load_address>0x0</load_address>
         <run_address>0x0</run_address>
         <size>0x0</size>
         <input_file_ref idref="fl-6b"/>
      </object_component>
      <object_component id="oc-33b">
         <name>.debug_types</name>
         <load_address>0x0</load_address>
         <run_address>0x0</run_address>
         <size>0x0</size>
         <input_file_ref idref="fl-6c"/>
      </object_component>
      <object_component id="oc-2cc">
         <name>.debug_types</name>
         <load_address>0x0</load_address>
         <run_address>0x0</run_address>
         <size>0x0</size>
         <input_file_ref idref="fl-6d"/>
      </object_component>
      <object_component id="oc-33f">
         <name>.debug_types</name>
         <load_address>0x0</load_address>
         <run_address>0x0</run_address>
         <size>0x0</size>
         <input_file_ref idref="fl-6e"/>
      </object_component>
      <object_component id="oc-2a9">
         <name>.debug_types</name>
         <load_address>0x47d7</load_address>
         <run_address>0x47d7</run_address>
         <size>0xf6</size>
         <input_file_ref idref="fl-6f"/>
      </object_component>
      <object_component id="oc-274">
         <name>.debug_types</name>
         <load_address>0x0</load_address>
         <run_address>0x0</run_address>
         <size>0x0</size>
         <input_file_ref idref="fl-70"/>
      </object_component>
      <object_component id="oc-39e">
         <name>.debug_types</name>
         <load_address>0x48cd</load_address>
         <run_address>0x48cd</run_address>
         <size>0x2f</size>
         <input_file_ref idref="fl-71"/>
      </object_component>
      <object_component id="oc-120">
         <name>.debug_types</name>
         <load_address>0x0</load_address>
         <run_address>0x0</run_address>
         <size>0x0</size>
         <input_file_ref idref="fl-75"/>
      </object_component>
      <object_component id="oc-3c8">
         <name>.debug_types</name>
         <load_address>0x0</load_address>
         <run_address>0x0</run_address>
         <size>0x0</size>
         <input_file_ref idref="fl-76"/>
      </object_component>
      <object_component id="oc-3ca">
         <name>.debug_types</name>
         <load_address>0x0</load_address>
         <run_address>0x0</run_address>
         <size>0x0</size>
         <input_file_ref idref="fl-77"/>
      </object_component>
      <object_component id="oc-3a7">
         <name>.debug_types</name>
         <load_address>0x0</load_address>
         <run_address>0x0</run_address>
         <size>0x0</size>
         <input_file_ref idref="fl-78"/>
      </object_component>
      <object_component id="oc-376">
         <name>.debug_types</name>
         <load_address>0x48fc</load_address>
         <run_address>0x48fc</run_address>
         <size>0x9e</size>
         <input_file_ref idref="fl-79"/>
      </object_component>
      <object_component id="oc-37c">
         <name>.debug_types</name>
         <load_address>0x499a</load_address>
         <run_address>0x499a</run_address>
         <size>0x2f</size>
         <input_file_ref idref="fl-7a"/>
      </object_component>
      <object_component id="oc-374">
         <name>.debug_types</name>
         <load_address>0x0</load_address>
         <run_address>0x0</run_address>
         <size>0x0</size>
         <input_file_ref idref="fl-7b"/>
      </object_component>
      <object_component id="oc-378">
         <name>.debug_types</name>
         <load_address>0x0</load_address>
         <run_address>0x0</run_address>
         <size>0x0</size>
         <input_file_ref idref="fl-7c"/>
      </object_component>
      <object_component id="oc-380">
         <name>.debug_types</name>
         <load_address>0x0</load_address>
         <run_address>0x0</run_address>
         <size>0x0</size>
         <input_file_ref idref="fl-7d"/>
      </object_component>
      <object_component id="oc-37e">
         <name>.debug_types</name>
         <load_address>0x0</load_address>
         <run_address>0x0</run_address>
         <size>0x0</size>
         <input_file_ref idref="fl-7e"/>
      </object_component>
      <object_component id="oc-37a">
         <name>.debug_types</name>
         <load_address>0x0</load_address>
         <run_address>0x0</run_address>
         <size>0x0</size>
         <input_file_ref idref="fl-7f"/>
      </object_component>
      <object_component id="oc-3b1">
         <name>.debug_types</name>
         <load_address>0x49c9</load_address>
         <run_address>0x49c9</run_address>
         <size>0x63</size>
         <input_file_ref idref="fl-80"/>
      </object_component>
      <object_component id="oc-2d5">
         <name>.debug_types</name>
         <load_address>0x0</load_address>
         <run_address>0x0</run_address>
         <size>0x0</size>
         <input_file_ref idref="fl-81"/>
      </object_component>
      <object_component id="oc-ec">
         <name>.debug_info</name>
         <load_address>0x0</load_address>
         <run_address>0x0</run_address>
         <size>0xf0</size>
         <input_file_ref idref="fl-2"/>
      </object_component>
      <object_component id="oc-103">
         <name>.debug_info</name>
         <load_address>0xf0</load_address>
         <run_address>0xf0</run_address>
         <size>0x16d</size>
         <input_file_ref idref="fl-2"/>
      </object_component>
      <object_component id="oc-c6">
         <name>.debug_info</name>
         <load_address>0x25d</load_address>
         <run_address>0x25d</run_address>
         <size>0x1f6</size>
         <input_file_ref idref="fl-2"/>
      </object_component>
      <object_component id="oc-ef">
         <name>.debug_info</name>
         <load_address>0x453</load_address>
         <run_address>0x453</run_address>
         <size>0x1d7</size>
         <input_file_ref idref="fl-2"/>
      </object_component>
      <object_component id="oc-f6">
         <name>.debug_info</name>
         <load_address>0x62a</load_address>
         <run_address>0x62a</run_address>
         <size>0x1b8</size>
         <input_file_ref idref="fl-2"/>
      </object_component>
      <object_component id="oc-132">
         <name>.debug_info</name>
         <load_address>0x7e2</load_address>
         <run_address>0x7e2</run_address>
         <size>0x1e8</size>
         <input_file_ref idref="fl-5"/>
      </object_component>
      <object_component id="oc-fb">
         <name>.debug_info</name>
         <load_address>0x9ca</load_address>
         <run_address>0x9ca</run_address>
         <size>0x27c</size>
         <input_file_ref idref="fl-5"/>
      </object_component>
      <object_component id="oc-14b">
         <name>.debug_info</name>
         <load_address>0xc46</load_address>
         <run_address>0xc46</run_address>
         <size>0x1a0</size>
         <input_file_ref idref="fl-5"/>
      </object_component>
      <object_component id="oc-18f">
         <name>.debug_info</name>
         <load_address>0xde6</load_address>
         <run_address>0xde6</run_address>
         <size>0x14f</size>
         <input_file_ref idref="fl-5"/>
      </object_component>
      <object_component id="oc-140">
         <name>.debug_info</name>
         <load_address>0xf35</load_address>
         <run_address>0xf35</run_address>
         <size>0x26d</size>
         <input_file_ref idref="fl-12"/>
      </object_component>
      <object_component id="oc-146">
         <name>.debug_info</name>
         <load_address>0x11a2</load_address>
         <run_address>0x11a2</run_address>
         <size>0x2b9</size>
         <input_file_ref idref="fl-13"/>
      </object_component>
      <object_component id="oc-108">
         <name>.debug_info</name>
         <load_address>0x145b</load_address>
         <run_address>0x145b</run_address>
         <size>0x311</size>
         <input_file_ref idref="fl-1b"/>
      </object_component>
      <object_component id="oc-2b">
         <name>.debug_info</name>
         <load_address>0x176c</load_address>
         <run_address>0x176c</run_address>
         <size>0x10f</size>
         <input_file_ref idref="fl-23"/>
      </object_component>
      <object_component id="oc-51">
         <name>.debug_info</name>
         <load_address>0x187b</load_address>
         <run_address>0x187b</run_address>
         <size>0x110</size>
         <input_file_ref idref="fl-23"/>
      </object_component>
      <object_component id="oc-138">
         <name>.debug_info</name>
         <load_address>0x198b</load_address>
         <run_address>0x198b</run_address>
         <size>0x1ca</size>
         <input_file_ref idref="fl-3a"/>
      </object_component>
      <object_component id="oc-12d">
         <name>.debug_info</name>
         <load_address>0x1b55</load_address>
         <run_address>0x1b55</run_address>
         <size>0x26b</size>
         <input_file_ref idref="fl-3b"/>
      </object_component>
      <object_component id="oc-1d0">
         <name>.debug_info</name>
         <load_address>0x1dc0</load_address>
         <run_address>0x1dc0</run_address>
         <size>0xd28</size>
         <input_file_ref idref="fl-3c"/>
      </object_component>
      <object_component id="oc-242">
         <name>.debug_info</name>
         <load_address>0x2ae8</load_address>
         <run_address>0x2ae8</run_address>
         <size>0xe4f</size>
         <input_file_ref idref="fl-3c"/>
      </object_component>
      <object_component id="oc-2e9">
         <name>.debug_info</name>
         <load_address>0x3937</load_address>
         <run_address>0x3937</run_address>
         <size>0x273</size>
         <input_file_ref idref="fl-3d"/>
      </object_component>
      <object_component id="oc-1a3">
         <name>.debug_info</name>
         <load_address>0x3baa</load_address>
         <run_address>0x3baa</run_address>
         <size>0x243</size>
         <input_file_ref idref="fl-3e"/>
      </object_component>
      <object_component id="oc-27d">
         <name>.debug_info</name>
         <load_address>0x3ded</load_address>
         <run_address>0x3ded</run_address>
         <size>0x403</size>
         <input_file_ref idref="fl-3f"/>
      </object_component>
      <object_component id="oc-162">
         <name>.debug_info</name>
         <load_address>0x41f0</load_address>
         <run_address>0x41f0</run_address>
         <size>0x228</size>
         <input_file_ref idref="fl-40"/>
      </object_component>
      <object_component id="oc-169">
         <name>.debug_info</name>
         <load_address>0x4418</load_address>
         <run_address>0x4418</run_address>
         <size>0x301</size>
         <input_file_ref idref="fl-41"/>
      </object_component>
      <object_component id="oc-19d">
         <name>.debug_info</name>
         <load_address>0x4719</load_address>
         <run_address>0x4719</run_address>
         <size>0x215</size>
         <input_file_ref idref="fl-45"/>
      </object_component>
      <object_component id="oc-1fb">
         <name>.debug_info</name>
         <load_address>0x492e</load_address>
         <run_address>0x492e</run_address>
         <size>0x1ec</size>
         <input_file_ref idref="fl-46"/>
      </object_component>
      <object_component id="oc-6a">
         <name>.debug_info</name>
         <load_address>0x4b1a</load_address>
         <run_address>0x4b1a</run_address>
         <size>0x158</size>
         <input_file_ref idref="fl-47"/>
      </object_component>
      <object_component id="oc-1da">
         <name>.debug_info</name>
         <load_address>0x4c72</load_address>
         <run_address>0x4c72</run_address>
         <size>0x1a5</size>
         <input_file_ref idref="fl-49"/>
      </object_component>
      <object_component id="oc-22e">
         <name>.debug_info</name>
         <load_address>0x4e17</load_address>
         <run_address>0x4e17</run_address>
         <size>0x16f</size>
         <input_file_ref idref="fl-4a"/>
      </object_component>
      <object_component id="oc-232">
         <name>.debug_info</name>
         <load_address>0x4f86</load_address>
         <run_address>0x4f86</run_address>
         <size>0x266</size>
         <input_file_ref idref="fl-4b"/>
      </object_component>
      <object_component id="oc-3c">
         <name>.debug_info</name>
         <load_address>0x51ec</load_address>
         <run_address>0x51ec</run_address>
         <size>0x19b</size>
         <input_file_ref idref="fl-4c"/>
      </object_component>
      <object_component id="oc-7e">
         <name>.debug_info</name>
         <load_address>0x5387</load_address>
         <run_address>0x5387</run_address>
         <size>0x14d</size>
         <input_file_ref idref="fl-4d"/>
      </object_component>
      <object_component id="oc-94">
         <name>.debug_info</name>
         <load_address>0x54d4</load_address>
         <run_address>0x54d4</run_address>
         <size>0x1bf</size>
         <input_file_ref idref="fl-4e"/>
      </object_component>
      <object_component id="oc-47">
         <name>.debug_info</name>
         <load_address>0x5693</load_address>
         <run_address>0x5693</run_address>
         <size>0x1b6</size>
         <input_file_ref idref="fl-4f"/>
      </object_component>
      <object_component id="oc-26">
         <name>.debug_info</name>
         <load_address>0x5849</load_address>
         <run_address>0x5849</run_address>
         <size>0x1b7</size>
         <input_file_ref idref="fl-50"/>
      </object_component>
      <object_component id="oc-1f">
         <name>.debug_info</name>
         <load_address>0x5a00</load_address>
         <run_address>0x5a00</run_address>
         <size>0x20c</size>
         <input_file_ref idref="fl-51"/>
      </object_component>
      <object_component id="oc-17b">
         <name>.debug_info</name>
         <load_address>0x5c0c</load_address>
         <run_address>0x5c0c</run_address>
         <size>0x240</size>
         <input_file_ref idref="fl-52"/>
      </object_component>
      <object_component id="oc-249">
         <name>.debug_info</name>
         <load_address>0x5e4c</load_address>
         <run_address>0x5e4c</run_address>
         <size>0x110</size>
         <input_file_ref idref="fl-53"/>
      </object_component>
      <object_component id="oc-260">
         <name>.debug_info</name>
         <load_address>0x5f5c</load_address>
         <run_address>0x5f5c</run_address>
         <size>0x10b</size>
         <input_file_ref idref="fl-53"/>
      </object_component>
      <object_component id="oc-251">
         <name>.debug_info</name>
         <load_address>0x6067</load_address>
         <run_address>0x6067</run_address>
         <size>0x10c</size>
         <input_file_ref idref="fl-53"/>
      </object_component>
      <object_component id="oc-1de">
         <name>.debug_info</name>
         <load_address>0x6173</load_address>
         <run_address>0x6173</run_address>
         <size>0x3ed</size>
         <input_file_ref idref="fl-53"/>
      </object_component>
      <object_component id="oc-cc">
         <name>.debug_info</name>
[...]
         <name>CAN_Set_Callback_Functions</name>
         <value>0x8461e</value>
         <object_component_ref idref="oc-fa"/>
      </symbol>
      <symbol id="sm-96">
         <name>CAN_Send_Message</name>
         <value>0x84532</value>
         <object_component_ref idref="oc-149"/>
      </symbol>
      <symbol id="sm-97">
         <name>CAN_Delay</name>
         <value>0x83ffb</value>
         <object_component_ref idref="oc-18e"/>
      </symbol>
      <symbol id="sm-b4">
         <name>SAE_J1939_Send_Transport_Protocol_Connection_Management</name>
         <value>0x83c92</value>
         <object_component_ref idref="oc-13d"/>
      </symbol>
      <symbol id="sm-ce">
         <name>SAE_J1939_Send_Transport_Protocol_Data_Transfer</name>
         <value>0x83b14</value>
         <object_component_ref idref="oc-143"/>
      </symbol>
      <symbol id="sm-eb">
         <name>SAE_J1939_Send_Binary_Data_Transfer_DM16</name>
         <value>0x83b97</value>
         <object_component_ref idref="oc-106"/>
      </symbol>
      <symbol id="sm-101">
         <name>code_start</name>
         <value>0x80000</value>
         <object_component_ref idref="oc-2a"/>
      </symbol>
      <symbol id="sm-11d">
         <name>sin</name>
         <value>0x83e67</value>
         <object_component_ref idref="oc-136"/>
      </symbol>
      <symbol id="sm-11e">
         <name>sinl</name>
         <value>0x83e67</value>
         <object_component_ref idref="oc-136"/>
      </symbol>
      <symbol id="sm-12f">
         <name>printf</name>
         <value>0x84286</value>
         <object_component_ref idref="oc-129"/>
      </symbol>
      <symbol id="sm-288">
         <name>__TI_printfi</name>
         <value>0x8248f</value>
         <object_component_ref idref="oc-1ce"/>
      </symbol>
      <symbol id="sm-29a">
         <name>__TI_closefile</name>
         <value>0x84000</value>
         <object_component_ref idref="oc-2e6"/>
      </symbol>
      <symbol id="sm-29b">
         <name>fclose</name>
         <value>0x84044</value>
         <object_component_ref idref="oc-2e6"/>
      </symbol>
      <symbol id="sm-2b2">
         <name>__TI_doflush</name>
         <value>0x83d83</value>
         <object_component_ref idref="oc-1a2"/>
      </symbol>
      <symbol id="sm-2b3">
         <name>fflush</name>
         <value>0x83db2</value>
         <object_component_ref idref="oc-1a2"/>
      </symbol>
      <symbol id="sm-2ec">
         <name>__TI_cleanup</name>
         <value>0x8364a</value>
         <object_component_ref idref="oc-27b"/>
      </symbol>
      <symbol id="sm-2ed">
         <name>freopen</name>
         <value>0x83667</value>
         <object_component_ref idref="oc-27b"/>
      </symbol>
      <symbol id="sm-2ee">
         <name>fopen</name>
         <value>0x83685</value>
         <object_component_ref idref="oc-27b"/>
      </symbol>
      <symbol id="sm-302">
         <name>putc</name>
         <value>0x840b6</value>
         <object_component_ref idref="oc-161"/>
      </symbol>
      <symbol id="sm-303">
         <name>fputc</name>
         <value>0x840b6</value>
         <object_component_ref idref="oc-161"/>
      </symbol>
      <symbol id="sm-304">
         <name>putchar</name>
         <value>0x84104</value>
         <object_component_ref idref="oc-161"/>
      </symbol>
      <symbol id="sm-321">
         <name>puts</name>
         <value>0x83941</value>
         <object_component_ref idref="oc-167"/>
      </symbol>
      <symbol id="sm-322">
         <name>fputs</name>
         <value>0x838ac</value>
         <object_component_ref idref="oc-167"/>
      </symbol>
      <symbol id="sm-33d">
         <name>__TI_wrt_ok</name>
         <value>0x83ed2</value>
         <object_component_ref idref="oc-19c"/>
      </symbol>
      <symbol id="sm-33e">
         <name>__TI_rd_ok</name>
         <value>0x83f0c</value>
         <object_component_ref idref="oc-19c"/>
      </symbol>
      <symbol id="sm-356">
         <name>setvbuf</name>
         <value>0x83c16</value>
         <object_component_ref idref="oc-1f8"/>
      </symbol>
      <symbol id="sm-360">
         <name>_c_int00</name>
         <value>0x8454c</value>
         <object_component_ref idref="oc-69"/>
      </symbol>
      <symbol id="sm-361">
         <name>__stack</name>
         <value>0x400</value>
         <object_component_ref idref="oc-35"/>
      </symbol>
      <symbol id="sm-36a">
         <name>__c28xabi_orll</name>
         <value>0x8459f</value>
         <object_component_ref idref="oc-1d7"/>
      </symbol>
      <symbol id="sm-36b">
         <name>__c28xabi_xorll</name>
         <value>0x845a7</value>
         <object_component_ref idref="oc-1d7"/>
      </symbol>
      <symbol id="sm-36c">
         <name>__c28xabi_andll</name>
         <value>0x84597</value>
         <object_component_ref idref="oc-1d7"/>
      </symbol>
      <symbol id="sm-376">
         <name>__c28xabi_cmpll</name>
         <value>0x844da</value>
         <object_component_ref idref="oc-22c"/>
      </symbol>
      <symbol id="sm-377">
         <name>__c28xabi_cmpull</name>
         <value>0x844ec</value>
         <object_component_ref idref="oc-22c"/>
      </symbol>
      <symbol id="sm-39e">
         <name>__c28xabi_modull</name>
         <value>0x83771</value>
         <object_component_ref idref="oc-231"/>
      </symbol>
      <symbol id="sm-39f">
         <name>__c28xabi_divull</name>
         <value>0x83742</value>
         <object_component_ref idref="oc-231"/>
      </symbol>
      <symbol id="sm-3a0">
         <name>__c28xabi_divll</name>
         <value>0x836cc</value>
         <object_component_ref idref="oc-231"/>
      </symbol>
      <symbol id="sm-3a1">
         <name>__c28xabi_modll</name>
         <value>0x83708</value>
         <object_component_ref idref="oc-231"/>
      </symbol>
      <symbol id="sm-3b3">
         <name>memcpy</name>
         <value>0x84515</value>
         <object_component_ref idref="oc-3b"/>
      </symbol>
      <symbol id="sm-3c0">
         <name>_system_pre_init</name>
         <value>0x8466b</value>
         <object_component_ref idref="oc-7a"/>
      </symbol>
      <symbol id="sm-3cf">
         <name>__TI_auto_init_nobinit_nopinit</name>
         <value>0x843a6</value>
         <object_component_ref idref="oc-93"/>
      </symbol>
      <symbol id="sm-3de">
         <name>__TI_zero_init_nomemset</name>
         <value>0x845ec</value>
         <object_component_ref idref="oc-43"/>
      </symbol>
      <symbol id="sm-3eb">
         <name>__TI_decompress_none</name>
         <value>0x84647</value>
         <object_component_ref idref="oc-23"/>
      </symbol>
      <symbol id="sm-3ff">
         <name>__TI_decompress_lzss</name>
         <value>0x84378</value>
         <object_component_ref idref="oc-1d"/>
      </symbol>
      <symbol id="sm-422">
         <name>__rem_pio2</name>
         <value>0x8304c</value>
         <object_component_ref idref="oc-178"/>
      </symbol>
      <symbol id="sm-484">
         <name>__kernel_rem_pio2</name>
         <value>0x82bf0</value>
         <object_component_ref idref="oc-1dc"/>
      </symbol>
      <symbol id="sm-49a">
         <name>C$$EXIT</name>
         <value>0x843fb</value>
         <object_component_ref idref="oc-87"/>
      </symbol>
      <symbol id="sm-49b">
         <name>abort</name>
         <value>0x843fb</value>
         <object_component_ref idref="oc-87"/>
      </symbol>
      <symbol id="sm-49c">
         <name>exit</name>
         <value>0x843fd</value>
         <object_component_ref idref="oc-87"/>
      </symbol>
      <symbol id="sm-49d">
         <name>__TI_dtors_ptr</name>
         <value>0xacbe</value>
         <object_component_ref idref="oc-cb"/>
      </symbol>
      <symbol id="sm-49e">
         <name>__TI_cleanup_ptr</name>
         <value>0xacbc</value>
         <object_component_ref idref="oc-cb"/>
      </symbol>
      <symbol id="sm-49f">
         <name>__TI_enable_exit_profile_output</name>
         <value>0xacba</value>
         <object_component_ref idref="oc-cb"/>
      </symbol>
      <symbol id="sm-4b6">
         <name>_nop</name>
         <value>0x84646</value>
         <object_component_ref idref="oc-113"/>
      </symbol>
      <symbol id="sm-4b7">
         <name>_lock</name>
         <value>0xacc0</value>
         <object_component_ref idref="oc-ce"/>
      </symbol>
      <symbol id="sm-4b8">
         <name>_unlock</name>
         <value>0xacc2</value>
         <object_component_ref idref="oc-154"/>
      </symbol>
      <symbol id="sm-4b9">
         <name>_register_lock</name>
         <value>0x84642</value>
         <object_component_ref idref="oc-113"/>
      </symbol>
      <symbol id="sm-4ba">
         <name>_register_unlock</name>
         <value>0x8463e</value>
         <object_component_ref idref="oc-113"/>
      </symbol>
      <symbol id="sm-4c9">
         <name>__TI_ltoa</name>
         <value>0x84348</value>
         <object_component_ref idref="oc-2ad"/>
      </symbol>
      <symbol id="sm-4d8">
         <name>_args_main</name>
         <value>0x84606</value>
         <object_component_ref idref="oc-81"/>
      </symbol>
      <symbol id="sm-4ed">
         <name>atoi</name>
         <value>0x842e7</value>
         <object_component_ref idref="oc-226"/>
      </symbol>
      <symbol id="sm-4f8">
         <name>_ctypes_</name>
         <value>0x91608</value>
         <object_component_ref idref="oc-2a1"/>
      </symbol>
      <symbol id="sm-50d">
         <name>__TI_tmpnams</name>
         <value>0xab20</value>
         <object_component_ref idref="oc-35c"/>
      </symbol>
      <symbol id="sm-50e">
         <name>_ftable</name>
         <value>0xabca</value>
         <object_component_ref idref="oc-16d"/>
      </symbol>
      <symbol id="sm-50f">
         <name>__TI_ft_end</name>
         <value>0xacc4</value>
         <object_component_ref idref="oc-200"/>
      </symbol>
      <symbol id="sm-51f">
         <name>memccpy</name>
         <value>0x845dc</value>
         <object_component_ref idref="oc-21e"/>
      </symbol>
      <symbol id="sm-52f">
         <name>memchr</name>
         <value>0x845f9</value>
         <object_component_ref idref="oc-1b6"/>
      </symbol>
      <symbol id="sm-596">
         <name>_sys_memory</name>
         <value>0xa800</value>
         <object_component_ref idref="oc-36"/>
      </symbol>
      <symbol id="sm-597">
         <name>free</name>
         <value>0x8333e</value>
         <object_component_ref idref="oc-275"/>
      </symbol>
      <symbol id="sm-598">
         <name>__TI_heap_total_available</name>
         <value>0x8356b</value>
         <object_component_ref idref="oc-275"/>
      </symbol>
      <symbol id="sm-599">
         <name>__TI_heap_largest_available</name>
         <value>0x8358a</value>
         <object_component_ref idref="oc-275"/>
      </symbol>
      <symbol id="sm-59a">
         <name>realloc</name>
         <value>0x83408</value>
         <object_component_ref idref="oc-275"/>
      </symbol>
      <symbol id="sm-59b">
         <name>memalign</name>
         <value>0x834bd</value>
         <object_component_ref idref="oc-275"/>
      </symbol>
      <symbol id="sm-59c">
         <name>calloc</name>
         <value>0x83490</value>
         <object_component_ref idref="oc-275"/>
      </symbol>
      <symbol id="sm-59d">
         <name>malloc</name>
         <value>0x83313</value>
         <object_component_ref idref="oc-275"/>
      </symbol>
      <symbol id="sm-59e">
         <name>__TI_heap_check</name>
         <value>0x835a9</value>
         <object_component_ref idref="oc-275"/>
      </symbol>
      <symbol id="sm-59f">
         <name>aligned_alloc</name>
         <value>0x834bd</value>
         <object_component_ref idref="oc-275"/>
      </symbol>
      <symbol id="sm-5a0">
         <name>minit</name>
         <value>0x8348c</value>
         <object_component_ref idref="oc-275"/>
      </symbol>
      <symbol id="sm-5af">
         <name>memset</name>
         <value>0x8465f</value>
         <object_component_ref idref="oc-62"/>
      </symbol>
      <symbol id="sm-5bf">
         <name>strchr</name>
         <value>0x84612</value>
         <object_component_ref idref="oc-2b9"/>
      </symbol>
      <symbol id="sm-5cd">
         <name>strcpy</name>
         <value>0x84666</value>
         <object_component_ref idref="oc-218"/>
      </symbol>
      <symbol id="sm-5db">
         <name>strlen</name>
         <value>0x84657</value>
         <object_component_ref idref="oc-1b0"/>
      </symbol>
      <symbol id="sm-5e6">
         <name>errno</name>
         <value>0xacc5</value>
         <object_component_ref idref="oc-23c"/>
      </symbol>
      <symbol id="sm-5f4">
         <name>write</name>
         <value>0x8457e</value>
         <object_component_ref idref="oc-1a8"/>
      </symbol>
      <symbol id="sm-604">
         <name>_stream</name>
         <value>0xac8a</value>
         <object_component_ref idref="oc-205"/>
      </symbol>
      <symbol id="sm-605">
         <name>_device</name>
         <value>0xac42</value>
         <object_component_ref idref="oc-28b"/>
      </symbol>
      <symbol id="sm-620">
         <name>open</name>
         <value>0x83df6</value>
         <object_component_ref idref="oc-2e0"/>
      </symbol>
      <symbol id="sm-631">
         <name>close</name>
         <value>0x842b4</value>
         <object_component_ref idref="oc-356"/>
      </symbol>
      <symbol id="sm-63e">
         <name>__kernel_cos</name>
         <value>0x83d0c</value>
         <object_component_ref idref="oc-184"/>
      </symbol>
      <symbol id="sm-64d">
         <name>__kernel_sin</name>
         <value>0x83a89</value>
         <object_component_ref idref="oc-17e"/>
      </symbol>
      <symbol id="sm-665">
         <name>floorl</name>
         <value>0x837d3</value>
         <object_component_ref idref="oc-259"/>
      </symbol>
      <symbol id="sm-666">
         <name>floor</name>
         <value>0x837d3</value>
         <object_component_ref idref="oc-259"/>
      </symbol>
      <symbol id="sm-675">
         <name>frexpl</name>
         <value>0x8405d</value>
         <object_component_ref idref="oc-2b3"/>
      </symbol>
      <symbol id="sm-676">
         <name>frexp</name>
         <value>0x8405d</value>
         <object_component_ref idref="oc-2b3"/>
      </symbol>
      <symbol id="sm-68a">
         <name>scalbn</name>
         <value>0x83954</value>
         <object_component_ref idref="oc-253"/>
      </symbol>
      <symbol id="sm-68b">
         <name>scalbnl</name>
         <value>0x83954</value>
         <object_component_ref idref="oc-253"/>
      </symbol>
      <symbol id="sm-68c">
         <name>ldexpl</name>
         <value>0x83954</value>
         <object_component_ref idref="oc-253"/>
      </symbol>
      <symbol id="sm-68d">
         <name>ldexp</name>
         <value>0x83954</value>
         <object_component_ref idref="oc-253"/>
      </symbol>
      <symbol id="sm-69a">
         <name>copysign</name>
         <value>0x8444d</value>
         <object_component_ref idref="oc-2c5"/>
      </symbol>
      <symbol id="sm-69b">
         <name>copysignl</name>
         <value>0x8444d</value>
         <object_component_ref idref="oc-2c5"/>
      </symbol>
      <symbol id="sm-6aa">
         <name>wcslen</name>
         <value>0x84629</value>
         <object_component_ref idref="oc-236"/>
      </symbol>
      <symbol id="sm-6bb">
         <name>fseeko</name>
         <value>0x84198</value>
         <object_component_ref idref="oc-1f2"/>
      </symbol>
      <symbol id="sm-6bc">
         <name>fseek</name>
         <value>0x84198</value>
         <object_component_ref idref="oc-1f2"/>
      </symbol>
      <symbol id="sm-6ce">
         <name>finddevice</name>
         <value>0x84109</value>
         <object_component_ref idref="oc-34e"/>
      </symbol>
      <symbol id="sm-6cf">
         <name>getdevice</name>
         <value>0x84124</value>
         <object_component_ref idref="oc-34e"/>
      </symbol>
      <symbol id="sm-6d9">
         <name>__c28xabi_modi</name>
         <value>0x844aa</value>
         <object_component_ref idref="oc-24b"/>
      </symbol>
      <symbol id="sm-6da">
         <name>__c28xabi_divi</name>
         <value>0x84499</value>
         <object_component_ref idref="oc-24b"/>
      </symbol>
      <symbol id="sm-6e2">
         <name>__c28xabi_divul</name>
         <value>0x843ee</value>
         <object_component_ref idref="oc-333"/>
      </symbol>
      <symbol id="sm-6e3">
         <name>__c28xabi_modul</name>
         <value>0x843f5</value>
         <object_component_ref idref="oc-333"/>
      </symbol>
      <symbol id="sm-6e4">
         <name>__c28xabi_modl</name>
         <value>0x843e0</value>
         <object_component_ref idref="oc-333"/>
      </symbol>
      <symbol id="sm-6e5">
         <name>__c28xabi_divl</name>
         <value>0x843d1</value>
         <object_component_ref idref="oc-333"/>
      </symbol>
      <symbol id="sm-6f3">
         <name>_system_post_cinit</name>
         <value>0x8466d</value>
         <object_component_ref idref="oc-d6"/>
      </symbol>
      <symbol id="sm-702">
         <name>strcmp</name>
         <value>0x84634</value>
         <object_component_ref idref="oc-391"/>
      </symbol>
      <symbol id="sm-713">
         <name>strncpy</name>
         <value>0x845c7</value>
         <object_component_ref idref="oc-397"/>
      </symbol>
      <symbol id="sm-720">
         <name>unlink</name>
         <value>0x84565</value>
         <object_component_ref idref="oc-35f"/>
      </symbol>
      <symbol id="sm-72d">
         <name>HOSTclose</name>
         <value>0x84424</value>
         <object_component_ref idref="oc-2f8"/>
      </symbol>
      <symbol id="sm-73a">
         <name>HOSTlseek</name>
         <value>0x83f9a</value>
         <object_component_ref idref="oc-30a"/>
      </symbol>
      <symbol id="sm-74d">
         <name>parmbuf</name>
         <value>0xabc0</value>
         <object_component_ref idref="oc-36a"/>
      </symbol>
      <symbol id="sm-74e">
         <name>HOSTopen</name>
         <value>0x841d5</value>
         <object_component_ref idref="oc-2f2"/>
      </symbol>
      <symbol id="sm-75c">
         <name>HOSTread</name>
         <value>0x84248</value>
         <object_component_ref idref="oc-2fe"/>
      </symbol>
      <symbol id="sm-769">
         <name>HOSTrename</name>
         <value>0x8415a</value>
         <object_component_ref idref="oc-316"/>
      </symbol>
      <symbol id="sm-776">
         <name>HOSTunlink</name>
         <value>0x84475</value>
         <object_component_ref idref="oc-310"/>
      </symbol>
      <symbol id="sm-784">
         <name>HOSTwrite</name>
         <value>0x8420f</value>
         <object_component_ref idref="oc-304"/>
      </symbol>
      <symbol id="sm-7a1">
         <name>__TI_readmsg</name>
         <value>0x83a4c</value>
         <object_component_ref idref="oc-36d"/>
      </symbol>
      <symbol id="sm-7a2">
         <name>C$$IO$$</name>
         <value>0x83a47</value>
         <object_component_ref idref="oc-36d"/>
      </symbol>
      <symbol id="sm-7a3">
         <name>__CIOBUF_</name>
         <value>0xaa00</value>
         <object_component_ref idref="oc-3ad"/>
      </symbol>
      <symbol id="sm-7a4">
         <name>__TI_writemsg</name>
         <value>0x839f4</value>
         <object_component_ref idref="oc-36d"/>
      </symbol>
      <symbol id="sm-7b2">
         <name>lseek</name>
         <value>0x845af</value>
         <object_component_ref idref="oc-26d"/>
      </symbol>
      <symbol id="sm-7b4">
         <name>__c_args__</name>
         <value>0x0</value>
      </symbol>
      <symbol id="sm-7b5">
         <name>remove</name>
         <value>0x84565</value>
      </symbol>
   </symbol_table>
   <title>Link successful</title>
</link_info>
